Archive member included to satisfy reference by file (symbol)

/Applications/MCUXpressoIDE_11.9.0_2144/ide/plugins/com.nxp.mcuxpresso.tools.macosx_11.9.0.202307121226/tools/bin/../lib/gcc/arm-none-eabi/12.3.1/../../../../arm-none-eabi/lib/thumb/v8-m.main/nofp/libcr_semihost_nf.a(_cr__main.o)
                              ./startup/startup_mcxa153.o (__main)
/Applications/MCUXpressoIDE_11.9.0_2144/ide/plugins/com.nxp.mcuxpresso.tools.macosx_11.9.0.202307121226/tools/bin/../lib/gcc/arm-none-eabi/12.3.1/../../../../arm-none-eabi/lib/thumb/v8-m.main/nofp/libcr_c.a(memset.o)
                              ./source/i3c_master_read_sensor_p3t1755.o (memset)
/Applications/MCUXpressoIDE_11.9.0_2144/ide/plugins/com.nxp.mcuxpresso.tools.macosx_11.9.0.202307121226/tools/bin/../lib/gcc/arm-none-eabi/12.3.1/../../../../arm-none-eabi/lib/thumb/v8-m.main/nofp/libcr_c.a(alloc.o)
                              ./drivers/fsl_common.o (malloc)
/Applications/MCUXpressoIDE_11.9.0_2144/ide/plugins/com.nxp.mcuxpresso.tools.macosx_11.9.0.202307121226/tools/bin/../lib/gcc/arm-none-eabi/12.3.1/../../../../arm-none-eabi/lib/thumb/v8-m.main/nofp/libcr_c.a(errno.o)
                              ./utilities/fsl_str.o (errno)
/Applications/MCUXpressoIDE_11.9.0_2144/ide/plugins/com.nxp.mcuxpresso.tools.macosx_11.9.0.202307121226/tools/bin/../lib/gcc/arm-none-eabi/12.3.1/../../../../arm-none-eabi/lib/thumb/v8-m.main/nofp/libcr_c.a(fpprintf.o)
                              ./utilities/fsl_assert.o (printf)
/Applications/MCUXpressoIDE_11.9.0_2144/ide/plugins/com.nxp.mcuxpresso.tools.macosx_11.9.0.202307121226/tools/bin/../lib/gcc/arm-none-eabi/12.3.1/../../../../arm-none-eabi/lib/thumb/v8-m.main/nofp/libcr_c.a(initio.o)
                              /Applications/MCUXpressoIDE_11.9.0_2144/ide/plugins/com.nxp.mcuxpresso.tools.macosx_11.9.0.202307121226/tools/bin/../lib/gcc/arm-none-eabi/12.3.1/../../../../arm-none-eabi/lib/thumb/v8-m.main/nofp/libcr_semihost_nf.a(_cr__main.o) (_initio)
/Applications/MCUXpressoIDE_11.9.0_2144/ide/plugins/com.nxp.mcuxpresso.tools.macosx_11.9.0.202307121226/tools/bin/../lib/gcc/arm-none-eabi/12.3.1/../../../../arm-none-eabi/lib/thumb/v8-m.main/nofp/libcr_c.a(modf.o)
                              ./utilities/fsl_str.o (modf)
/Applications/MCUXpressoIDE_11.9.0_2144/ide/plugins/com.nxp.mcuxpresso.tools.macosx_11.9.0.202307121226/tools/bin/../lib/gcc/arm-none-eabi/12.3.1/../../../../arm-none-eabi/lib/thumb/v8-m.main/nofp/libcr_c.a(pow.o)
                              ./utilities/fsl_str.o (pow)
/Applications/MCUXpressoIDE_11.9.0_2144/ide/plugins/com.nxp.mcuxpresso.tools.macosx_11.9.0.202307121226/tools/bin/../lib/gcc/arm-none-eabi/12.3.1/../../../../arm-none-eabi/lib/thumb/v8-m.main/nofp/libcr_c.a(printf.o)
                              /Applications/MCUXpressoIDE_11.9.0_2144/ide/plugins/com.nxp.mcuxpresso.tools.macosx_11.9.0.202307121226/tools/bin/../lib/gcc/arm-none-eabi/12.3.1/../../../../arm-none-eabi/lib/thumb/v8-m.main/nofp/libcr_c.a(fpprintf.o) (__vfprintf)
/Applications/MCUXpressoIDE_11.9.0_2144/ide/plugins/com.nxp.mcuxpresso.tools.macosx_11.9.0.202307121226/tools/bin/../lib/gcc/arm-none-eabi/12.3.1/../../../../arm-none-eabi/lib/thumb/v8-m.main/nofp/libcr_c.a(scanf.o)
                              ./utilities/fsl_str.o (strtoul)
/Applications/MCUXpressoIDE_11.9.0_2144/ide/plugins/com.nxp.mcuxpresso.tools.macosx_11.9.0.202307121226/tools/bin/../lib/gcc/arm-none-eabi/12.3.1/../../../../arm-none-eabi/lib/thumb/v8-m.main/nofp/libcr_c.a(setvbuf.o)
                              /Applications/MCUXpressoIDE_11.9.0_2144/ide/plugins/com.nxp.mcuxpresso.tools.macosx_11.9.0.202307121226/tools/bin/../lib/gcc/arm-none-eabi/12.3.1/../../../../arm-none-eabi/lib/thumb/v8-m.main/nofp/libcr_c.a(initio.o) (setvbuf)
/Applications/MCUXpressoIDE_11.9.0_2144/ide/plugins/com.nxp.mcuxpresso.tools.macosx_11.9.0.202307121226/tools/bin/../lib/gcc/arm-none-eabi/12.3.1/../../../../arm-none-eabi/lib/thumb/v8-m.main/nofp/libcr_c.a(strlen.o)
                              ./utilities/fsl_str.o (strlen)
/Applications/MCUXpressoIDE_11.9.0_2144/ide/plugins/com.nxp.mcuxpresso.tools.macosx_11.9.0.202307121226/tools/bin/../lib/gcc/arm-none-eabi/12.3.1/../../../../arm-none-eabi/lib/thumb/v8-m.main/nofp/libcr_c.a(ungetc.o)
                              /Applications/MCUXpressoIDE_11.9.0_2144/ide/plugins/com.nxp.mcuxpresso.tools.macosx_11.9.0.202307121226/tools/bin/../lib/gcc/arm-none-eabi/12.3.1/../../../../arm-none-eabi/lib/thumb/v8-m.main/nofp/libcr_c.a(scanf.o) (ungetc)
/Applications/MCUXpressoIDE_11.9.0_2144/ide/plugins/com.nxp.mcuxpresso.tools.macosx_11.9.0.202307121226/tools/bin/../lib/gcc/arm-none-eabi/12.3.1/../../../../arm-none-eabi/lib/thumb/v8-m.main/nofp/libcr_c.a(__fillbuf.o)
                              /Applications/MCUXpressoIDE_11.9.0_2144/ide/plugins/com.nxp.mcuxpresso.tools.macosx_11.9.0.202307121226/tools/bin/../lib/gcc/arm-none-eabi/12.3.1/../../../../arm-none-eabi/lib/thumb/v8-m.main/nofp/libcr_c.a(scanf.o) (__filbuf)
[...]
Memory Configuration

Name             Origin             Length             Attributes
PROGRAM_FLASH    0x00000000         0x00020000         xr
SRAM             0x20000000         0x00006000         xrw
SRAMX0           0x04000000         0x00002000         xrw
SRAMX1           0x04002000         0x00001000         xrw
*default*        0x00000000         0xffffffff

Linker script and memory map

LOAD ./utilities/fsl_assert.o
LOAD ./utilities/fsl_debug_console.o
LOAD ./utilities/fsl_memcpy.o
LOAD ./utilities/fsl_str.o
LOAD ./startup/startup_mcxa153.o
LOAD ./source/i3c_master_read_sensor_p3t1755.o
LOAD ./source/semihost_hardfault.o
LOAD ./drivers/fsl_clock.o
LOAD ./drivers/fsl_common.o
LOAD ./drivers/fsl_common_arm.o
LOAD ./drivers/fsl_gpio.o
LOAD ./drivers/fsl_i3c.o
LOAD ./drivers/fsl_inputmux.o
LOAD ./drivers/fsl_lpuart.o
LOAD ./drivers/fsl_reset.o
LOAD ./drivers/fsl_spc.o
LOAD ./device/system_MCXA153.o
LOAD ./component/uart/fsl_adapter_lpuart.o
LOAD ./component/p3t1755/fsl_p3t1755.o
LOAD ./component/lists/fsl_component_generic_list.o
LOAD ./board/board.o
LOAD ./board/clock_config.o
LOAD ./board/pin_mux.o
START GROUP
LOAD /Applications/MCUXpressoIDE_11.9.0_2144/ide/plugins/com.nxp.mcuxpresso.tools.macosx_11.9.0.202307121226/tools/bin/../lib/gcc/arm-none-eabi/12.3.1/../../../../arm-none-eabi/lib/thumb/v8-m.main/nofp/libcr_semihost_nf.a
LOAD /Applications/MCUXpressoIDE_11.9.0_2144/ide/plugins/com.nxp.mcuxpresso.tools.macosx_11.9.0.202307121226/tools/bin/../lib/gcc/arm-none-eabi/12.3.1/../../../../arm-none-eabi/lib/thumb/v8-m.main/nofp/libcr_c.a
LOAD /Applications/MCUXpressoIDE_11.9.0_2144/ide/plugins/com.nxp.mcuxpresso.tools.macosx_11.9.0.202307121226/tools/bin/../lib/gcc/arm-none-eabi/12.3.1/thumb/v8-m.main/nofp/libcr_eabihelpers.a
LOAD /Applications/MCUXpressoIDE_11.9.0_2144/ide/plugins/com.nxp.mcuxpresso.tools.macosx_11.9.0.202307121226/tools/bin/../lib/gcc/arm-none-eabi/12.3.1/thumb/v8-m.main/nofp/libgcc.a
END GROUP
                0x00000000                        __base_PROGRAM_FLASH = 0x0
                0x00000000                        __base_Flash = 0x0
                0x00020000                        __top_PROGRAM_FLASH = 0x20000
                0x00020000                        __top_Flash = 0x20000
                0x20000000                        __base_SRAM = 0x20000000
                0x20000000                        __base_RAM = 0x20000000
                0x20006000                        __top_SRAM = 0x20006000
                0x20006000                        __top_RAM = 0x20006000
                0x04000000                        __base_SRAMX0 = 0x4000000
                0x04000000                        __base_RAM2 = 0x4000000
                0x04002000                        __top_SRAMX0 = 0x4002000
                0x04002000                        __top_RAM2 = 0x4002000
                0x04002000                        __base_SRAMX1 = 0x4002000
                0x04002000                        __base_RAM3 = 0x4002000
                0x04003000                        __top_SRAMX1 = 0x4003000
                0x04003000                        __top_RAM3 = 0x4003000

.text           0x00000000     0x6138
 FILL mask 0xff
                0x00000000                        __vectors_start__ = ABSOLUTE (.)
 *(SORT_BY_ALIGNMENT(.isr_vector))
 .isr_vector    0x00000000      0x16c ./startup/startup_mcxa153.o
                0x00000000                __Vectors
                0x00000000                g_pfnVectors
                0x0000016c                        . = ALIGN (0x4)
                0x0000016c                        __section_table_start = .
                0x0000016c                        __data_section_table = .
                0x0000016c        0x4 LONG 0x6138 LOADADDR (.data)
                0x00000170        0x4 LONG 0x20000000 ADDR (.data)
                0x00000174        0x4 LONG 0x8 SIZEOF (.data)
                0x00000178        0x4 LONG 0x6138 LOADADDR (.data_RAM2)
                0x0000017c        0x4 LONG 0x4000000 ADDR (.data_RAM2)
                0x00000180        0x4 LONG 0x0 SIZEOF (.data_RAM2)
                0x00000184        0x4 LONG 0x6138 LOADADDR (.data_RAM3)
                0x00000188        0x4 LONG 0x4002000 ADDR (.data_RAM3)
                0x0000018c        0x4 LONG 0x0 SIZEOF (.data_RAM3)
                0x00000190                        __data_section_table_end = .
                0x00000190                        __bss_section_table = .
                0x00000190        0x4 LONG 0x20000008 ADDR (.bss)
                0x00000194        0x4 LONG 0x144 SIZEOF (.bss)
                0x00000198        0x4 LONG 0x4000000 ADDR (.bss_RAM2)
                0x0000019c        0x4 LONG 0x0 SIZEOF (.bss_RAM2)
                0x000001a0        0x4 LONG 0x4002000 ADDR (.bss_RAM3)
                0x000001a4        0x4 LONG 0x0 SIZEOF (.bss_RAM3)
                0x000001a8                        __bss_section_table_end = .
                0x000001a8                        __section_table_end = .
 *(SORT_BY_ALIGNMENT(.after_vectors*))
 .after_vectors.reset
                0x000001a8       0x68 ./startup/startup_mcxa153.o
                0x000001a8                ResetISR
 .after_vectors.init_data
                0x00000210       0x1c ./startup/startup_mcxa153.o
                0x00000210                data_init
 .after_vectors.init_bss
                0x0000022c       0x12 ./startup/startup_mcxa153.o
                0x0000022c                bss_init
 .after_vectors
                0x0000023e       0x16 ./startup/startup_mcxa153.o
                0x0000023e                NMI_Handler
                0x00000242                MemManage_Handler
                0x00000244                BusFault_Handler
                0x00000246                UsageFault_Handler
                0x00000248                SecureFault_Handler
                0x0000024a                SVC_Handler
                0x0000024c                DebugMon_Handler
                0x0000024e                PendSV_Handler
                0x00000250                SysTick_Handler
                0x00000252                LPI2C0_DriverIRQHandler
                0x00000252                FLEXPWM0_RELOAD_ERROR_DriverIRQHandler
                0x00000252                QDC0_HOME_DriverIRQHandler
                0x00000252                Reserved82_DriverIRQHandler
                0x00000252                QDC0_WATCHDOG_DriverIRQHandler
                0x00000252                ERM0_MULTI_BIT_DriverIRQHandler
                0x00000252                Reserved36_DriverIRQHandler
                0x00000252                CTIMER2_DriverIRQHandler
                0x00000252                CMP1_DriverIRQHandler
                0x00000252                IntDefaultHandler
                0x00000252                USB0_DriverIRQHandler
                0x00000252                QDC0_INDEX_DriverIRQHandler
                0x00000252                UTICK0_DriverIRQHandler
                0x00000252                Reserved41_DriverIRQHandler
                0x00000252                FLEXPWM0_SUBMODULE2_DriverIRQHandler
                0x00000252                WWDT0_DriverIRQHandler
                0x00000252                Reserved84_DriverIRQHandler
                0x00000252                FLEXPWM0_FAULT_DriverIRQHandler
                0x00000252                GPIO0_DriverIRQHandler
                0x00000252                Reserved38_DriverIRQHandler
                0x00000252                FREQME0_DriverIRQHandler
                0x00000252                Reserved22_DriverIRQHandler
                0x00000252                Reserved53_DriverIRQHandler
                0x00000252                Reserved35_DriverIRQHandler
                0x00000252                CTIMER0_DriverIRQHandler
                0x00000252                Reserved79_DriverIRQHandler
                0x00000252                Reserved24_DriverIRQHandler
                0x00000252                CTIMER1_DriverIRQHandler
                0x00000252                QDC0_COMPARE_DriverIRQHandler
                0x00000252                LPSPI0_DriverIRQHandler
                0x00000252                DMA_CH3_DriverIRQHandler
                0x00000252                Reserved83_DriverIRQHandler
                0x00000252                Reserved72_DriverIRQHandler
                0x00000252                Reserved23_DriverIRQHandler
                0x00000252                Reserved65_DriverIRQHandler
                0x00000252                ERM0_SINGLE_BIT_DriverIRQHandler
                0x00000252                DMA_CH2_DriverIRQHandler
                0x00000252                Reserved51_DriverIRQHandler
                0x00000252                Reserved25_DriverIRQHandler
                0x00000252                FMU0_DriverIRQHandler
                0x00000252                LPSPI1_DriverIRQHandler
                0x00000252                Reserved77_DriverIRQHandler
                0x00000252                Reserved16_DriverIRQHandler
                0x00000252                GPIO2_DriverIRQHandler
                0x00000252                Reserved85_DriverIRQHandler
                0x00000252                ADC0_DriverIRQHandler
                0x00000252                CMP0_DriverIRQHandler
                0x00000252                CDOG0_DriverIRQHandler
                0x00000252                Reserved59_DriverIRQHandler
                0x00000252                DMA_CH0_DriverIRQHandler
                0x00000252                Reserved58_DriverIRQHandler
                0x00000252                DMA_CH1_DriverIRQHandler
                0x00000252                SPC0_DriverIRQHandler
                0x00000252                Reserved43_DriverIRQHandler
                0x00000252                Reserved46_DriverIRQHandler
                0x00000252                Reserved37_DriverIRQHandler
                0x00000252                Reserved86_DriverIRQHandler
                0x00000252                GPIO1_DriverIRQHandler
                0x00000252                FLEXPWM0_SUBMODULE0_DriverIRQHandler
                0x00000252                Reserved50_DriverIRQHandler
                0x00000252                OS_EVENT_DriverIRQHandler
                0x00000252                SCG0_DriverIRQHandler
                0x00000252                GLIKEY0_DriverIRQHandler
                0x00000252                GPIO3_DriverIRQHandler
                0x00000252                CMC_DriverIRQHandler
                0x00000252                WUU0_DriverIRQHandler
                0x00000252                Reserved33_DriverIRQHandler
                0x00000252                Reserved39_DriverIRQHandler
                0x00000252                WAKETIMER0_DriverIRQHandler
                0x00000252                MBC0_DriverIRQHandler
                0x00000252                LPTMR0_DriverIRQHandler
                0x00000252                FLEXPWM0_SUBMODULE1_DriverIRQHandler
 *(SORT_BY_ALIGNMENT(.text*))
 *fill*         0x00000254        0x4 ff
 .text.fp_display
                0x00000258      0x9cc /Applications/MCUXpressoIDE_11.9.0_2144/ide/plugins/com.nxp.mcuxpresso.tools.macosx_11.9.0.202307121226/tools/bin/../lib/gcc/arm-none-eabi/12.3.1/../../../../arm-none-eabi/lib/thumb/v8-m.main/nofp/libcr_c.a(fpprintf.o)
 .text.__assertion_failed
                0x00000c24       0x18 ./utilities/fsl_assert.o
                0x00000c24                __assertion_failed
 .text.i3c_master_callback
                0x00000c3c       0x34 ./source/i3c_master_read_sensor_p3t1755.o
 .text.I3C_WriteSensor
                0x00000c70       0xcc ./source/i3c_master_read_sensor_p3t1755.o
                0x00000c70                I3C_WriteSensor
 .text.I3C_ReadSensor
                0x00000d3c       0xcc ./source/i3c_master_read_sensor_p3t1755.o
                0x00000d3c                I3C_ReadSensor
 .text.p3t1755_set_dynamic_address
                0x00000e08       0xe0 ./source/i3c_master_read_sensor_p3t1755.o
                0x00000e08                p3t1755_set_dynamic_address
 .text.main     0x00000ee8      0x100 ./source/i3c_master_read_sensor_p3t1755.o
                0x00000ee8                main
 .text.CLOCK_SetClockSelect
                0x00000fe8       0x94 ./drivers/fsl_clock.o
                0x00000fe8                CLOCK_SetClockSelect
 .text.CLOCK_SetClockDiv
                0x0000107c       0x7c ./drivers/fsl_clock.o
                0x0000107c                CLOCK_SetClockDiv
 .text.CLOCK_SetupFROHFClocking
                0x000010f8       0xf4 ./drivers/fsl_clock.o
                0x000010f8                CLOCK_SetupFROHFClocking
 .text.CLOCK_SetupFRO12MClocking
                0x000011ec       0x54 ./drivers/fsl_clock.o
                0x000011ec                CLOCK_SetupFRO12MClocking
 .text.CLOCK_GetFro12MFreq
                0x00001240       0x28 ./drivers/fsl_clock.o
 .text.CLOCK_GetClk1MFreq
                0x00001268       0x14 ./drivers/fsl_clock.o
 .text.CLOCK_GetFroHfFreq
                0x0000127c       0xc0 ./drivers/fsl_clock.o
 .text.CLOCK_GetClk16KFreq
                0x0000133c       0x44 ./drivers/fsl_clock.o
 .text.CLOCK_GetExtClkFreq
                0x00001380       0x2c ./drivers/fsl_clock.o
 .text.CLOCK_GetMainClk
                0x000013ac       0x68 ./drivers/fsl_clock.o
                0x000013ac                CLOCK_GetMainClk
 .text.CLOCK_GetCoreSysClkFreq
                0x00001414       0x20 ./drivers/fsl_clock.o
                0x00001414                CLOCK_GetCoreSysClkFreq
 .text.CLOCK_GetI3CFClkFreq
                0x00001434       0xa0 ./drivers/fsl_clock.o
                0x00001434                CLOCK_GetI3CFClkFreq
 .text.SDK_DelayAtLeastUs
                0x000014d4       0x8c ./drivers/fsl_common_arm.o
                0x000014d4                SDK_DelayAtLeastUs
 .text.__NVIC_EnableIRQ
                0x00001560       0x38 ./drivers/fsl_i3c.o
 .text.CLOCK_EnableClock
                0x00001598       0x88 ./drivers/fsl_i3c.o
 .text.I3C_GetInstance
                0x00001620       0x44 ./drivers/fsl_i3c.o
                0x00001620                I3C_GetInstance
 .text.I3C_MasterCheckAndClearError
                0x00001664      0x100 ./drivers/fsl_i3c.o
                0x00001664                I3C_MasterCheckAndClearError
 .text.I3C_MasterEmitStop
                0x00001764       0x50 ./drivers/fsl_i3c.o
 .text.I3C_MasterGetDefaultConfig
                0x000017b4       0x50 ./drivers/fsl_i3c.o
                0x000017b4                I3C_MasterGetDefaultConfig
 .text.I3C_MasterGetState
                0x00001804       0x84 ./drivers/fsl_i3c.o
                0x00001804                I3C_MasterGetState
 .text.I3C_MasterSetBaudRate
                0x00001888      0x24c ./drivers/fsl_i3c.o
                0x00001888                I3C_MasterSetBaudRate
 .text.I3C_MasterRepeatedStartWithRxSize
                0x00001ad4       0x7c ./drivers/fsl_i3c.o
                0x00001ad4                I3C_MasterRepeatedStartWithRxSize
 .text.I3C_MasterReceive
                0x00001b50      0x158 ./drivers/fsl_i3c.o
                0x00001b50                I3C_MasterReceive
 .text.I3C_MasterSend
                0x00001ca8      0x12c ./drivers/fsl_i3c.o
                0x00001ca8                I3C_MasterSend
 .text.I3C_MasterClearFlagsAndEnableIRQ
                0x00001dd4       0x28 ./drivers/fsl_i3c.o
 .text.I3C_MasterTransferBlocking
                0x00001dfc      0x2d8 ./drivers/fsl_i3c.o
                0x00001dfc                I3C_MasterTransferBlocking
 .text.I3C_MasterTransferCreateHandle
                0x000020d4       0xa4 ./drivers/fsl_i3c.o
                0x000020d4                I3C_MasterTransferCreateHandle
 .text.I3C_TransferStateMachineIBIWonState
                0x00002178      0x104 ./drivers/fsl_i3c.o
 .text.I3C_TransferStateMachineSendCommandState
                0x0000227c       0xec ./drivers/fsl_i3c.o
 .text.I3C_TransferStateMachineWaitRepeatedStartCompleteState
                0x00002368       0xa8 ./drivers/fsl_i3c.o
 .text.I3C_TransferStateMachineTransferDataState
                0x00002410      0x110 ./drivers/fsl_i3c.o
 .text.I3C_RunTransferStateMachine
                0x00002520      0x1b8 ./drivers/fsl_i3c.o
 .text.I3C_MasterTransferNonBlocking
                0x000026d8      0x160 ./drivers/fsl_i3c.o
                0x000026d8                I3C_MasterTransferNonBlocking
 .text.I3C_CommonIRQHandler
                0x00002838       0x70 ./drivers/fsl_i3c.o
 .text.I3C0_DriverIRQHandler
                0x000028a8       0x14 ./drivers/fsl_i3c.o
                0x000028a8                I3C0_DriverIRQHandler
 .text.LPUART0_DriverIRQHandler
                0x000028bc       0x24 ./drivers/fsl_lpuart.o
                0x000028bc                LPUART0_DriverIRQHandler
 .text.LPUART1_DriverIRQHandler
                0x000028e0       0x24 ./drivers/fsl_lpuart.o
                0x000028e0                LPUART1_DriverIRQHandler
 .text.LPUART2_DriverIRQHandler
                0x00002904       0x24 ./drivers/fsl_lpuart.o
                0x00002904                LPUART2_DriverIRQHandler
 .text.RESET_SetPeripheralReset
                0x00002928       0xb4 ./drivers/fsl_reset.o
                0x00002928                RESET_SetPeripheralReset
 .text.RESET_ClearPeripheralReset
                0x000029dc       0x98 ./drivers/fsl_reset.o
                0x000029dc                RESET_ClearPeripheralReset
 .text.SPC_SetSRAMOperateVoltage
                0x00002a74       0x64 ./drivers/fsl_spc.o
                0x00002a74                SPC_SetSRAMOperateVoltage
 .text.SPC_SetActiveModeCoreLDORegulatorConfig
                0x00002ad8       0xbc ./drivers/fsl_spc.o
                0x00002ad8                SPC_SetActiveModeCoreLDORegulatorConfig
 .text.SystemInit
                0x00002b94       0x64 ./device/system_MCXA153.o
                0x00002b94                SystemInit
 .text.P3T1755_Init
                0x00002bf8       0x70 ./component/p3t1755/fsl_p3t1755.o
                0x00002bf8                P3T1755_Init
 .text.P3T1755_ReadTemperature
                0x00002c68       0x68 ./component/p3t1755/fsl_p3t1755.o
                0x00002c68                P3T1755_ReadTemperature
 .text.BOARD_InitDebugConsole
                0x00002cd0       0x30 ./board/board.o
                0x00002cd0                BOARD_InitDebugConsole
 .text.BOARD_BootClockFRO48M
                0x00002d00       0xd0 ./board/clock_config.o
                0x00002d00                BOARD_BootClockFRO48M
 .text.CLOCK_EnableClock
                0x00002dd0       0x88 ./board/pin_mux.o
 .text.PORT_SetPinConfig
                0x00002e58       0x38 ./board/pin_mux.o
 .text.BOARD_InitPins
                0x00002e90       0xfc ./board/pin_mux.o
                0x00002e90                BOARD_InitPins
 .text.malloc   0x00002f8c       0xe8 /Applications/MCUXpressoIDE_11.9.0_2144/ide/plugins/com.nxp.mcuxpresso.tools.macosx_11.9.0.202307121226/tools/bin/../lib/gcc/arm-none-eabi/12.3.1/../../../../arm-none-eabi/lib/thumb/v8-m.main/nofp/libcr_c.a(alloc.o)
                0x00002f8c                malloc
 .text._Csys_alloc
                0x00003074       0x20 /Applications/MCUXpressoIDE_11.9.0_2144/ide/plugins/com.nxp.mcuxpresso.tools.macosx_11.9.0.202307121226/tools/bin/../lib/gcc/arm-none-eabi/12.3.1/../../../../arm-none-eabi/lib/thumb/v8-m.main/nofp/libcr_c.a(alloc.o)
                0x00003074                _Csys_alloc
 .text.sprintf  0x00003094       0x6c /Applications/MCUXpressoIDE_11.9.0_2144/ide/plugins/com.nxp.mcuxpresso.tools.macosx_11.9.0.202307121226/tools/bin/../lib/gcc/arm-none-eabi/12.3.1/../../../../arm-none-eabi/lib/thumb/v8-m.main/nofp/libcr_c.a(fpprintf.o)
                0x00003094                sprintf
 .text.vsnprintf
                0x00003100       0x68 /Applications/MCUXpressoIDE_11.9.0_2144/ide/plugins/com.nxp.mcuxpresso.tools.macosx_11.9.0.202307121226/tools/bin/../lib/gcc/arm-none-eabi/12.3.1/../../../../arm-none-eabi/lib/thumb/v8-m.main/nofp/libcr_c.a(fpprintf.o)
                0x00003100                vsnprintf
 .text.printf   0x00003168       0x54 /Applications/MCUXpressoIDE_11.9.0_2144/ide/plugins/com.nxp.mcuxpresso.tools.macosx_11.9.0.202307121226/tools/bin/../lib/gcc/arm-none-eabi/12.3.1/../../../../arm-none-eabi/lib/thumb/v8-m.main/nofp/libcr_c.a(fpprintf.o)
                0x00003168                printf
 .text._initio  0x000031bc       0x78 /Applications/MCUXpressoIDE_11.9.0_2144/ide/plugins/com.nxp.mcuxpresso.tools.macosx_11.9.0.202307121226/tools/bin/../lib/gcc/arm-none-eabi/12.3.1/../../../../arm-none-eabi/lib/thumb/v8-m.main/nofp/libcr_c.a(initio.o)
                0x000031bc                _initio
 .text.__vfprintf
                0x00003234      0xb74 /Applications/MCUXpressoIDE_11.9.0_2144/ide/plugins/com.nxp.mcuxpresso.tools.macosx_11.9.0.202307121226/tools/bin/../lib/gcc/arm-none-eabi/12.3.1/../../../../arm-none-eabi/lib/thumb/v8-m.main/nofp/libcr_c.a(printf.o)
                0x00003234                __vfprintf
 .text._sbrk    0x00003da8       0x3c /Applications/MCUXpressoIDE_11.9.0_2144/ide/plugins/com.nxp.mcuxpresso.tools.macosx_11.9.0.202307121226/tools/bin/../lib/gcc/arm-none-eabi/12.3.1/../../../../arm-none-eabi/lib/thumb/v8-m.main/nofp/libcr_c.a(_cr_sbrk.o)
                0x00003da8                _sbrk
 .text._ldexpl  0x00003de4       0x48 /Applications/MCUXpressoIDE_11.9.0_2144/ide/plugins/com.nxp.mcuxpresso.tools.macosx_11.9.0.202307121226/tools/bin/../lib/gcc/arm-none-eabi/12.3.1/../../../../arm-none-eabi/lib/thumb/v8-m.main/nofp/libcr_c.a(_ldexpl.o)
                0x00003de4                _ldexpl
 .text._Cwritebuf
                0x00003e2c       0x6c /Applications/MCUXpressoIDE_11.9.0_2144/ide/plugins/com.nxp.mcuxpresso.tools.macosx_11.9.0.202307121226/tools/bin/../lib/gcc/arm-none-eabi/12.3.1/../../../../arm-none-eabi/lib/thumb/v8-m.main/nofp/libcr_c.a(_writebuf.o)
                0x00003e2c                _Cwritebuf
 .text.fflush   0x00003e98       0x3c /Applications/MCUXpressoIDE_11.9.0_2144/ide/plugins/com.nxp.mcuxpresso.tools.macosx_11.9.0.202307121226/tools/bin/../lib/gcc/arm-none-eabi/12.3.1/../../../../arm-none-eabi/lib/thumb/v8-m.main/nofp/libcr_c.a(fflush.o)
                0x00003e98                fflush
 .text.fseek    0x00003ed4       0xf8 /Applications/MCUXpressoIDE_11.9.0_2144/ide/plugins/com.nxp.mcuxpresso.tools.macosx_11.9.0.202307121226/tools/bin/../lib/gcc/arm-none-eabi/12.3.1/../../../../arm-none-eabi/lib/thumb/v8-m.main/nofp/libcr_c.a(fseek.o)
                0x00003ed4                fseek
 .text.ftell    0x00003fcc       0x44 /Applications/MCUXpressoIDE_11.9.0_2144/ide/plugins/com.nxp.mcuxpresso.tools.macosx_11.9.0.202307121226/tools/bin/../lib/gcc/arm-none-eabi/12.3.1/../../../../arm-none-eabi/lib/thumb/v8-m.main/nofp/libcr_c.a(ftell.o)
                0x00003fcc                ftell
 .text.__check_heap_overflow
                0x00004010       0x18 /Applications/MCUXpressoIDE_11.9.0_2144/ide/plugins/com.nxp.mcuxpresso.tools.macosx_11.9.0.202307121226/tools/bin/../lib/gcc/arm-none-eabi/12.3.1/../../../../arm-none-eabi/lib/thumb/v8-m.main/nofp/libcr_c.a(_cr_check_heap.o)
                0x00004010                __check_heap_overflow
 .text.__aeabi_dmul
                0x00004028       0xfc /Applications/MCUXpressoIDE_11.9.0_2144/ide/plugins/com.nxp.mcuxpresso.tools.macosx_11.9.0.202307121226/tools/bin/../lib/gcc/arm-none-eabi/12.3.1/thumb/v8-m.main/nofp/libcr_eabihelpers.a(double.o)
                0x00004028                __aeabi_dmul
 .text.__aeabi_ddiv
                0x00004124      0x130 /Applications/MCUXpressoIDE_11.9.0_2144/ide/plugins/com.nxp.mcuxpresso.tools.macosx_11.9.0.202307121226/tools/bin/../lib/gcc/arm-none-eabi/12.3.1/thumb/v8-m.main/nofp/libcr_eabihelpers.a(double.o)
                0x00004124                __aeabi_ddiv
 .text.__aeabi_dsub
                0x00004254      0x1b4 /Applications/MCUXpressoIDE_11.9.0_2144/ide/plugins/com.nxp.mcuxpresso.tools.macosx_11.9.0.202307121226/tools/bin/../lib/gcc/arm-none-eabi/12.3.1/thumb/v8-m.main/nofp/libcr_eabihelpers.a(double.o)
                0x00004254                __aeabi_dsub
 .text.__aeabi_dadd
                0x00004408      0x13c /Applications/MCUXpressoIDE_11.9.0_2144/ide/plugins/com.nxp.mcuxpresso.tools.macosx_11.9.0.202307121226/tools/bin/../lib/gcc/arm-none-eabi/12.3.1/thumb/v8-m.main/nofp/libcr_eabihelpers.a(double.o)
                0x00004408                __aeabi_dadd
 .text.__sys_appexit
                0x00004544        0xc /Applications/MCUXpressoIDE_11.9.0_2144/ide/plugins/com.nxp.mcuxpresso.tools.macosx_11.9.0.202307121226/tools/bin/../lib/gcc/arm-none-eabi/12.3.1/../../../../arm-none-eabi/lib/thumb/v8-m.main/nofp/libcr_semihost_nf.a(__sys_appexit.o)
                0x00004544                __exit
                0x00004544                __sys_appexit
 .text.Reserved16_IRQHandler
                0x00004550        0x8 ./startup/startup_mcxa153.o
                0x00004550                Reserved16_IRQHandler
 .text.CMC_IRQHandler
                0x00004558        0x8 ./startup/startup_mcxa153.o
                0x00004558                CMC_IRQHandler
 .text.DMA_CH0_IRQHandler
                0x00004560        0x8 ./startup/startup_mcxa153.o
                0x00004560                DMA_CH0_IRQHandler
 .text.DMA_CH1_IRQHandler
                0x00004568        0x8 ./startup/startup_mcxa153.o
                0x00004568                DMA_CH1_IRQHandler
 .text.DMA_CH2_IRQHandler
                0x00004570        0x8 ./startup/startup_mcxa153.o
                0x00004570                DMA_CH2_IRQHandler
 .text.DMA_CH3_IRQHandler
                0x00004578        0x8 ./startup/startup_mcxa153.o
                0x00004578                DMA_CH3_IRQHandler
 .text.Reserved22_IRQHandler
                0x00004580        0x8 ./startup/startup_mcxa153.o
                0x00004580                Reserved22_IRQHandler
 .text.Reserved23_IRQHandler
                0x00004588        0x8 ./startup/startup_mcxa153.o
                0x00004588                Reserved23_IRQHandler
 .text.Reserved24_IRQHandler
                0x00004590        0x8 ./startup/startup_mcxa153.o
                0x00004590                Reserved24_IRQHandler
 .text.Reserved25_IRQHandler
                0x00004598        0x8 ./startup/startup_mcxa153.o
                0x00004598                Reserved25_IRQHandler
 .text.ERM0_SINGLE_BIT_IRQHandler
                0x000045a0        0x8 ./startup/startup_mcxa153.o
                0x000045a0                ERM0_SINGLE_BIT_IRQHandler
 .text.ERM0_MULTI_BIT_IRQHandler
                0x000045a8        0x8 ./startup/startup_mcxa153.o
                0x000045a8                ERM0_MULTI_BIT_IRQHandler
 .text.FMU0_IRQHandler
                0x000045b0        0x8 ./startup/startup_mcxa153.o
                0x000045b0                FMU0_IRQHandler
 .text.GLIKEY0_IRQHandler
                0x000045b8        0x8 ./startup/startup_mcxa153.o
                0x000045b8                GLIKEY0_IRQHandler
 .text.MBC0_IRQHandler
                0x000045c0        0x8 ./startup/startup_mcxa153.o
                0x000045c0                MBC0_IRQHandler
 .text.SCG0_IRQHandler
                0x000045c8        0x8 ./startup/startup_mcxa153.o
                0x000045c8                SCG0_IRQHandler
 .text.SPC0_IRQHandler
                0x000045d0        0x8 ./startup/startup_mcxa153.o
                0x000045d0                SPC0_IRQHandler
 .text.Reserved33_IRQHandler
                0x000045d8        0x8 ./startup/startup_mcxa153.o
                0x000045d8                Reserved33_IRQHandler
 .text.WUU0_IRQHandler
                0x000045e0        0x8 ./startup/startup_mcxa153.o
                0x000045e0                WUU0_IRQHandler
 .text.Reserved35_IRQHandler
                0x000045e8        0x8 ./startup/startup_mcxa153.o
                0x000045e8                Reserved35_IRQHandler
 .text.Reserved36_IRQHandler
                0x000045f0        0x8 ./startup/startup_mcxa153.o
                0x000045f0                Reserved36_IRQHandler
 .text.Reserved37_IRQHandler
                0x000045f8        0x8 ./startup/startup_mcxa153.o
                0x000045f8                Reserved37_IRQHandler
 .text.Reserved38_IRQHandler
                0x00004600        0x8 ./startup/startup_mcxa153.o
                0x00004600                Reserved38_IRQHandler
 .text.Reserved39_IRQHandler
                0x00004608        0x8 ./startup/startup_mcxa153.o
                0x00004608                Reserved39_IRQHandler
 .text.I3C0_IRQHandler
                0x00004610        0x8 ./startup/startup_mcxa153.o
                0x00004610                I3C0_IRQHandler
 .text.Reserved41_IRQHandler
                0x00004618        0x8 ./startup/startup_mcxa153.o
                0x00004618                Reserved41_IRQHandler
 .text.LPI2C0_IRQHandler
                0x00004620        0x8 ./startup/startup_mcxa153.o
                0x00004620                LPI2C0_IRQHandler
 .text.Reserved43_IRQHandler
                0x00004628        0x8 ./startup/startup_mcxa153.o
                0x00004628                Reserved43_IRQHandler
 .text.LPSPI0_IRQHandler
                0x00004630        0x8 ./startup/startup_mcxa153.o
                0x00004630                LPSPI0_IRQHandler
 .text.LPSPI1_IRQHandler
                0x00004638        0x8 ./startup/startup_mcxa153.o
                0x00004638                LPSPI1_IRQHandler
 .text.Reserved46_IRQHandler
                0x00004640        0x8 ./startup/startup_mcxa153.o
                0x00004640                Reserved46_IRQHandler
 .text.LPUART0_IRQHandler
                0x00004648        0x8 ./startup/startup_mcxa153.o
                0x00004648                LPUART0_IRQHandler
 .text.LPUART1_IRQHandler
                0x00004650        0x8 ./startup/startup_mcxa153.o
                0x00004650                LPUART1_IRQHandler
 .text.LPUART2_IRQHandler
                0x00004658        0x8 ./startup/startup_mcxa153.o
                0x00004658                LPUART2_IRQHandler
 .text.Reserved50_IRQHandler
                0x00004660        0x8 ./startup/startup_mcxa153.o
                0x00004660                Reserved50_IRQHandler
 .text.Reserved51_IRQHandler
                0x00004668        0x8 ./startup/startup_mcxa153.o
                0x00004668                Reserved51_IRQHandler
 .text.USB0_IRQHandler
                0x00004670        0x8 ./startup/startup_mcxa153.o
                0x00004670                USB0_IRQHandler
 .text.Reserved53_IRQHandler
                0x00004678        0x8 ./startup/startup_mcxa153.o
                0x00004678                Reserved53_IRQHandler
 .text.CDOG0_IRQHandler
                0x00004680        0x8 ./startup/startup_mcxa153.o
                0x00004680                CDOG0_IRQHandler
 .text.CTIMER0_IRQHandler
                0x00004688        0x8 ./startup/startup_mcxa153.o
                0x00004688                CTIMER0_IRQHandler
 .text.CTIMER1_IRQHandler
                0x00004690        0x8 ./startup/startup_mcxa153.o
                0x00004690                CTIMER1_IRQHandler
 .text.CTIMER2_IRQHandler
                0x00004698        0x8 ./startup/startup_mcxa153.o
                0x00004698                CTIMER2_IRQHandler
 .text.Reserved58_IRQHandler
                0x000046a0        0x8 ./startup/startup_mcxa153.o
                0x000046a0                Reserved58_IRQHandler
 .text.Reserved59_IRQHandler
                0x000046a8        0x8 ./startup/startup_mcxa153.o
                0x000046a8                Reserved59_IRQHandler
 .text.FLEXPWM0_RELOAD_ERROR_IRQHandler
                0x000046b0        0x8 ./startup/startup_mcxa153.o
                0x000046b0                FLEXPWM0_RELOAD_ERROR_IRQHandler
 .text.FLEXPWM0_FAULT_IRQHandler
                0x000046b8        0x8 ./startup/startup_mcxa153.o
                0x000046b8                FLEXPWM0_FAULT_IRQHandler
 .text.FLEXPWM0_SUBMODULE0_IRQHandler
                0x000046c0        0x8 ./startup/startup_mcxa153.o
                0x000046c0                FLEXPWM0_SUBMODULE0_IRQHandler
 .text.FLEXPWM0_SUBMODULE1_IRQHandler
                0x000046c8        0x8 ./startup/startup_mcxa153.o
                0x000046c8                FLEXPWM0_SUBMODULE1_IRQHandler
 .text.FLEXPWM0_SUBMODULE2_IRQHandler
                0x000046d0        0x8 ./startup/startup_mcxa153.o
                0x000046d0                FLEXPWM0_SUBMODULE2_IRQHandler
 .text.Reserved65_IRQHandler
                0x000046d8        0x8 ./startup/startup_mcxa153.o
                0x000046d8                Reserved65_IRQHandler
 .text.QDC0_COMPARE_IRQHandler
                0x000046e0        0x8 ./startup/startup_mcxa153.o
                0x000046e0                QDC0_COMPARE_IRQHandler
 .text.QDC0_HOME_IRQHandler
                0x000046e8        0x8 ./startup/startup_mcxa153.o
                0x000046e8                QDC0_HOME_IRQHandler
 .text.QDC0_WATCHDOG_IRQHandler
                0x000046f0        0x8 ./startup/startup_mcxa153.o
                0x000046f0                QDC0_WATCHDOG_IRQHandler
 .text.QDC0_INDEX_IRQHandler
                0x000046f8        0x8 ./startup/startup_mcxa153.o
                0x000046f8                QDC0_INDEX_IRQHandler
 .text.FREQME0_IRQHandler
                0x00004700        0x8 ./startup/startup_mcxa153.o
                0x00004700                FREQME0_IRQHandler
 .text.LPTMR0_IRQHandler
                0x00004708        0x8 ./startup/startup_mcxa153.o
                0x00004708                LPTMR0_IRQHandler
 .text.Reserved72_IRQHandler
                0x00004710        0x8 ./startup/startup_mcxa153.o
                0x00004710                Reserved72_IRQHandler
 .text.OS_EVENT_IRQHandler
                0x00004718        0x8 ./startup/startup_mcxa153.o
                0x00004718                OS_EVENT_IRQHandler
 .text.WAKETIMER0_IRQHandler
                0x00004720        0x8 ./startup/startup_mcxa153.o
                0x00004720                WAKETIMER0_IRQHandler
 .text.UTICK0_IRQHandler
                0x00004728        0x8 ./startup/startup_mcxa153.o
                0x00004728                UTICK0_IRQHandler
 .text.WWDT0_IRQHandler
                0x00004730        0x8 ./startup/startup_mcxa153.o
                0x00004730                WWDT0_IRQHandler
 .text.Reserved77_IRQHandler
                0x00004738        0x8 ./startup/startup_mcxa153.o
                0x00004738                Reserved77_IRQHandler
 .text.ADC0_IRQHandler
                0x00004740        0x8 ./startup/startup_mcxa153.o
                0x00004740                ADC0_IRQHandler
 .text.Reserved79_IRQHandler
                0x00004748        0x8 ./startup/startup_mcxa153.o
                0x00004748                Reserved79_IRQHandler
 .text.CMP0_IRQHandler
                0x00004750        0x8 ./startup/startup_mcxa153.o
                0x00004750                CMP0_IRQHandler
 .text.CMP1_IRQHandler
                0x00004758        0x8 ./startup/startup_mcxa153.o
                0x00004758                CMP1_IRQHandler
 .text.Reserved82_IRQHandler
                0x00004760        0x8 ./startup/startup_mcxa153.o
                0x00004760                Reserved82_IRQHandler
 .text.Reserved83_IRQHandler
                0x00004768        0x8 ./startup/startup_mcxa153.o
                0x00004768                Reserved83_IRQHandler
 .text.Reserved84_IRQHandler
                0x00004770        0x8 ./startup/startup_mcxa153.o
                0x00004770                Reserved84_IRQHandler
 .text.Reserved85_IRQHandler
                0x00004778        0x8 ./startup/startup_mcxa153.o
                0x00004778                Reserved85_IRQHandler
 .text.Reserved86_IRQHandler
                0x00004780        0x8 ./startup/startup_mcxa153.o
                0x00004780                Reserved86_IRQHandler
 .text.GPIO0_IRQHandler
                0x00004788        0x8 ./startup/startup_mcxa153.o
                0x00004788                GPIO0_IRQHandler
 .text.GPIO1_IRQHandler
                0x00004790        0x8 ./startup/startup_mcxa153.o
                0x00004790                GPIO1_IRQHandler
 .text.GPIO2_IRQHandler
                0x00004798        0x8 ./startup/startup_mcxa153.o
                0x00004798                GPIO2_IRQHandler
 .text.GPIO3_IRQHandler
                0x000047a0        0x8 ./startup/startup_mcxa153.o
                0x000047a0                GPIO3_IRQHandler
 .text.HardFault_Handler
                0x000047a8       0x36 ./source/semihost_hardfault.o
                0x000047a8                HardFault_Handler
 .text.CLOCK_IsDivHalt
                0x000047de       0x22 ./drivers/fsl_clock.o
 .text.CLOCK_AttachClk
                0x00004800       0x30 ./drivers/fsl_clock.o
                0x00004800                CLOCK_AttachClk
 .text.DelayLoop
                0x00004830       0x1e ./drivers/fsl_common_arm.o
 .text.EnableIRQ
                0x0000484e       0x32 ./drivers/fsl_i3c.o
 .text.I3C_MasterGetStatusFlags
                0x00004880       0x1c ./drivers/fsl_i3c.o
 .text.I3C_MasterClearStatusFlags
                0x0000489c       0x1c ./drivers/fsl_i3c.o
 .text.I3C_MasterGetErrorStatusFlags
                0x000048b8       0x18 ./drivers/fsl_i3c.o
 .text.I3C_MasterClearErrorStatusFlags
                0x000048d0       0x2e ./drivers/fsl_i3c.o
 .text.I3C_MasterEnableInterrupts
                0x000048fe       0x24 ./drivers/fsl_i3c.o
 .text.I3C_MasterDisableInterrupts
                0x00004922       0x1c ./drivers/fsl_i3c.o
 .text.I3C_MasterGetPendingInterrupts
                0x0000493e       0x18 ./drivers/fsl_i3c.o
 .text.I3C_MasterSetWatermarks
                0x00004956       0x5a ./drivers/fsl_i3c.o
 .text.I3C_MasterGetFifoCounts
                0x000049b0       0x42 ./drivers/fsl_i3c.o
 .text.I3C_MasterRepeatedStart
                0x000049f2       0x34 ./drivers/fsl_i3c.o
 .text.I3C_MasterEmitIBIResponse
                0x00004a26       0x3e ./drivers/fsl_i3c.o
 .text.I3C_GetIBIAddress
                0x00004a64       0x22 ./drivers/fsl_i3c.o
 .text.I3C_MasterWaitForCtrlDone
                0x00004a86       0x76 ./drivers/fsl_i3c.o
 .text.I3C_MasterWaitForTxReady
                0x00004afc       0x62 ./drivers/fsl_i3c.o
 .text.I3C_MasterWaitForComplete
                0x00004b5e       0x62 ./drivers/fsl_i3c.o
 .text.I3C_GetIBIType
                0x00004bc0       0x44 ./drivers/fsl_i3c.o
                0x00004bc0                I3C_GetIBIType
 .text.I3C_MasterInit
                0x00004c04       0x86 ./drivers/fsl_i3c.o
                0x00004c04                I3C_MasterInit
 .text.I3C_CalcErrorRatio
                0x00004c8a       0x42 ./drivers/fsl_i3c.o
 .text.I3C_MasterStartWithRxSize
                0x00004ccc       0x74 ./drivers/fsl_i3c.o
                0x00004ccc                I3C_MasterStartWithRxSize
 .text.I3C_MasterStart
                0x00004d40       0x72 ./drivers/fsl_i3c.o
                0x00004d40                I3C_MasterStart
 .text.I3C_MasterEmitRequest
                0x00004db2       0x48 ./drivers/fsl_i3c.o
                0x00004db2                I3C_MasterEmitRequest
 .text.I3C_MasterTransferNoStartFlag
                0x00004dfa       0x48 ./drivers/fsl_i3c.o
 .text.I3C_TransferStateMachineWaitForCompletionState
                0x00004e42       0x2e ./drivers/fsl_i3c.o
 .text.I3C_TransferStateMachineStopState
                0x00004e70       0x56 ./drivers/fsl_i3c.o
 .text.I3C_InitTransferStateMachine
                0x00004ec6       0xfa ./drivers/fsl_i3c.o
 .text.I3C_MasterTransferHandleIRQ
                0x00004fc0       0xbc ./drivers/fsl_i3c.o
                0x00004fc0                I3C_MasterTransferHandleIRQ
 .text.RESET_PeripheralReset
                0x0000507c       0x22 ./drivers/fsl_reset.o
                0x0000507c                RESET_PeripheralReset
 .text.SPC_GetActiveModeBandgapMode
                0x0000509e       0x20 ./drivers/fsl_spc.o
 .text.SPC_GetActiveModeVoltageDetectStatus
                0x000050be       0x20 ./drivers/fsl_spc.o
 .text.SPC_GetActiveModeCoreLDOVDDVoltageLevel
                0x000050de       0x20 ./drivers/fsl_spc.o
 .text.SPC_GetActiveModeCoreLDODriveStrength
                0x000050fe       0x20 ./drivers/fsl_spc.o
 .text.SPC_SetActiveModeCoreLDORegulatorVoltageLevel
                0x0000511e       0x32 ./drivers/fsl_spc.o
                0x0000511e                SPC_SetActiveModeCoreLDORegulatorVoltageLevel
 .text.SPC_SetActiveModeCoreLDORegulatorDriveStrength
                0x00005150       0x5e ./drivers/fsl_spc.o
                0x00005150                SPC_SetActiveModeCoreLDORegulatorDriveStrength
 .text.SystemInitHook
                0x000051ae        0xc ./device/system_MCXA153.o
                0x000051ae                SystemInitHook
 .text.P3T1755_ReadReg
                0x000051ba       0x34 ./component/p3t1755/fsl_p3t1755.o
                0x000051ba                P3T1755_ReadReg
 .text.DbgConsole_Init
                0x000051ee       0x1e ./board/board.o
 .text.RESET_ReleasePeripheralReset
                0x0000520c       0x1a ./board/pin_mux.o
 .text.__main   0x00005226        0xe /Applications/MCUXpressoIDE_11.9.0_2144/ide/plugins/com.nxp.mcuxpresso.tools.macosx_11.9.0.202307121226/tools/bin/../lib/gcc/arm-none-eabi/12.3.1/../../../../arm-none-eabi/lib/thumb/v8-m.main/nofp/libcr_semihost_nf.a(_cr__main.o)
                0x00005226                __main
                0x00005226                __CR_SEMIHOST
 .text.memset   0x00005234        0x4 /Applications/MCUXpressoIDE_11.9.0_2144/ide/plugins/com.nxp.mcuxpresso.tools.macosx_11.9.0.202307121226/tools/bin/../lib/gcc/arm-none-eabi/12.3.1/../../../../arm-none-eabi/lib/thumb/v8-m.main/nofp/libcr_c.a(memset.o)
                0x00005234                memset
 .text.free     0x00005238       0x30 /Applications/MCUXpressoIDE_11.9.0_2144/ide/plugins/com.nxp.mcuxpresso.tools.macosx_11.9.0.202307121226/tools/bin/../lib/gcc/arm-none-eabi/12.3.1/../../../../arm-none-eabi/lib/thumb/v8-m.main/nofp/libcr_c.a(alloc.o)
                0x00005238                free
 .text.fp_round
                0x00005268       0x4c /Applications/MCUXpressoIDE_11.9.0_2144/ide/plugins/com.nxp.mcuxpresso.tools.macosx_11.9.0.202307121226/tools/bin/../lib/gcc/arm-none-eabi/12.3.1/../../../../arm-none-eabi/lib/thumb/v8-m.main/nofp/libcr_c.a(fpprintf.o)
 .text.pr_dec.constprop.0
                0x000052b4       0x24 /Applications/MCUXpressoIDE_11.9.0_2144/ide/plugins/com.nxp.mcuxpresso.tools.macosx_11.9.0.202307121226/tools/bin/../lib/gcc/arm-none-eabi/12.3.1/../../../../arm-none-eabi/lib/thumb/v8-m.main/nofp/libcr_c.a(fpprintf.o)
 .text.setvbuf  0x000052d8       0x3e /Applications/MCUXpressoIDE_11.9.0_2144/ide/plugins/com.nxp.mcuxpresso.tools.macosx_11.9.0.202307121226/tools/bin/../lib/gcc/arm-none-eabi/12.3.1/../../../../arm-none-eabi/lib/thumb/v8-m.main/nofp/libcr_c.a(setvbuf.o)
                0x000052d8                setvbuf
 .text.strlen   0x00005316       0x4e /Applications/MCUXpressoIDE_11.9.0_2144/ide/plugins/com.nxp.mcuxpresso.tools.macosx_11.9.0.202307121226/tools/bin/../lib/gcc/arm-none-eabi/12.3.1/../../../../arm-none-eabi/lib/thumb/v8-m.main/nofp/libcr_c.a(strlen.o)
                0x00005316                strlen
 .text._deferredlazyseek
                0x00005364       0x40 /Applications/MCUXpressoIDE_11.9.0_2144/ide/plugins/com.nxp.mcuxpresso.tools.macosx_11.9.0.202307121226/tools/bin/../lib/gcc/arm-none-eabi/12.3.1/../../../../arm-none-eabi/lib/thumb/v8-m.main/nofp/libcr_c.a(_deferredlazyseek.o)
                0x00005364                _deferredlazyseek
 .text.__flsbuf
                0x000053a4      0x140 /Applications/MCUXpressoIDE_11.9.0_2144/ide/plugins/com.nxp.mcuxpresso.tools.macosx_11.9.0.202307121226/tools/bin/../lib/gcc/arm-none-eabi/12.3.1/../../../../arm-none-eabi/lib/thumb/v8-m.main/nofp/libcr_c.a(_deferredlazyseek.o)
                0x000053a4                __flsbuf
 .text._fdopen  0x000054e4       0x68 /Applications/MCUXpressoIDE_11.9.0_2144/ide/plugins/com.nxp.mcuxpresso.tools.macosx_11.9.0.202307121226/tools/bin/../lib/gcc/arm-none-eabi/12.3.1/../../../../arm-none-eabi/lib/thumb/v8-m.main/nofp/libcr_c.a(_fdopen.o)
                0x000054e4                _fdopen
 .text._fflush  0x0000554c       0x52 /Applications/MCUXpressoIDE_11.9.0_2144/ide/plugins/com.nxp.mcuxpresso.tools.macosx_11.9.0.202307121226/tools/bin/../lib/gcc/arm-none-eabi/12.3.1/../../../../arm-none-eabi/lib/thumb/v8-m.main/nofp/libcr_c.a(_fflush.o)
                0x0000554c                _fflush
 .text._frexpl  0x0000559e       0x5a /Applications/MCUXpressoIDE_11.9.0_2144/ide/plugins/com.nxp.mcuxpresso.tools.macosx_11.9.0.202307121226/tools/bin/../lib/gcc/arm-none-eabi/12.3.1/../../../../arm-none-eabi/lib/thumb/v8-m.main/nofp/libcr_c.a(_frexpl.o)
                0x0000559e                _frexpl
 .text.fclose   0x000055f8       0x58 /Applications/MCUXpressoIDE_11.9.0_2144/ide/plugins/com.nxp.mcuxpresso.tools.macosx_11.9.0.202307121226/tools/bin/../lib/gcc/arm-none-eabi/12.3.1/../../../../arm-none-eabi/lib/thumb/v8-m.main/nofp/libcr_c.a(fclose.o)
                0x000055f8                fclose
 .text.remove   0x00005650       0x14 /Applications/MCUXpressoIDE_11.9.0_2144/ide/plugins/com.nxp.mcuxpresso.tools.macosx_11.9.0.202307121226/tools/bin/../lib/gcc/arm-none-eabi/12.3.1/../../../../arm-none-eabi/lib/thumb/v8-m.main/nofp/libcr_c.a(remove.o)
                0x00005650                remove
 .text._do_fflush
                0x00005664       0x40 /Applications/MCUXpressoIDE_11.9.0_2144/ide/plugins/com.nxp.mcuxpresso.tools.macosx_11.9.0.202307121226/tools/bin/../lib/gcc/arm-none-eabi/12.3.1/../../../../arm-none-eabi/lib/thumb/v8-m.main/nofp/libcr_c.a(_do_fflush.o)
                0x00005664                _do_fflush
 .text.__aeabi_division_uldivmod
                0x000056a4      0x174 /Applications/MCUXpressoIDE_11.9.0_2144/ide/plugins/com.nxp.mcuxpresso.tools.macosx_11.9.0.202307121226/tools/bin/../lib/gcc/arm-none-eabi/12.3.1/thumb/v8-m.main/nofp/libcr_eabihelpers.a(division_64.o)
                0x000056a4                __aeabi_uldivmod
                0x000056a8                __bhs_ldivmod1
 .text.__aeabi_division_idiv0
                0x00005818        0x2 /Applications/MCUXpressoIDE_11.9.0_2144/ide/plugins/com.nxp.mcuxpresso.tools.macosx_11.9.0.202307121226/tools/bin/../lib/gcc/arm-none-eabi/12.3.1/thumb/v8-m.main/nofp/libcr_eabihelpers.a(division_idiv0.o)
                0x00005818                __aeabi_idiv0
 .text.__aeabi_d2iz
                0x0000581a       0x42 /Applications/MCUXpressoIDE_11.9.0_2144/ide/plugins/com.nxp.mcuxpresso.tools.macosx_11.9.0.202307121226/tools/bin/../lib/gcc/arm-none-eabi/12.3.1/thumb/v8-m.main/nofp/libcr_eabihelpers.a(double.o)
                0x0000581a                __aeabi_d2iz
 .text.__bhs_ui2d
                0x0000585c       0x46 /Applications/MCUXpressoIDE_11.9.0_2144/ide/plugins/com.nxp.mcuxpresso.tools.macosx_11.9.0.202307121226/tools/bin/../lib/gcc/arm-none-eabi/12.3.1/thumb/v8-m.main/nofp/libcr_eabihelpers.a(double.o)
                0x0000585c                __bhs_ui2d
 .text.__aeabi_i2d
                0x000058a2       0x10 /Applications/MCUXpressoIDE_11.9.0_2144/ide/plugins/com.nxp.mcuxpresso.tools.macosx_11.9.0.202307121226/tools/bin/../lib/gcc/arm-none-eabi/12.3.1/thumb/v8-m.main/nofp/libcr_eabihelpers.a(double.o)
                0x000058a2                __aeabi_i2d
 .text.__aeabi_dcmpeq
                0x000058b2       0x3e /Applications/MCUXpressoIDE_11.9.0_2144/ide/plugins/com.nxp.mcuxpresso.tools.macosx_11.9.0.202307121226/tools/bin/../lib/gcc/arm-none-eabi/12.3.1/thumb/v8-m.main/nofp/libcr_eabihelpers.a(double.o)
                0x000058b2                __aeabi_dcmpeq
 .text.__aeabi_dcmplt
                0x000058f0       0x5a /Applications/MCUXpressoIDE_11.9.0_2144/ide/plugins/com.nxp.mcuxpresso.tools.macosx_11.9.0.202307121226/tools/bin/../lib/gcc/arm-none-eabi/12.3.1/thumb/v8-m.main/nofp/libcr_eabihelpers.a(double.o)
                0x000058f0                __aeabi_dcmplt
 .text.__aeabi_dcmple
                0x0000594a       0x5a /Applications/MCUXpressoIDE_11.9.0_2144/ide/plugins/com.nxp.mcuxpresso.tools.macosx_11.9.0.202307121226/tools/bin/../lib/gcc/arm-none-eabi/12.3.1/thumb/v8-m.main/nofp/libcr_eabihelpers.a(double.o)
                0x0000594a                __aeabi_dcmple
 .text.__aeabi_dcmpge
                0x000059a4       0x5a /Applications/MCUXpressoIDE_11.9.0_2144/ide/plugins/com.nxp.mcuxpresso.tools.macosx_11.9.0.202307121226/tools/bin/../lib/gcc/arm-none-eabi/12.3.1/thumb/v8-m.main/nofp/libcr_eabihelpers.a(double.o)
                0x000059a4                __aeabi_dcmpge
 .text.__aeabi_memset_lowlevel
                0x000059fe       0x32 /Applications/MCUXpressoIDE_11.9.0_2144/ide/plugins/com.nxp.mcuxpresso.tools.macosx_11.9.0.202307121226/tools/bin/../lib/gcc/arm-none-eabi/12.3.1/thumb/v8-m.main/nofp/libcr_eabihelpers.a(memcpy.o)
                0x000059fe                __aeabi_lowlevel_memset
 .text.__sys_close
                0x00005a30        0xc /Applications/MCUXpressoIDE_11.9.0_2144/ide/plugins/com.nxp.mcuxpresso.tools.macosx_11.9.0.202307121226/tools/bin/../lib/gcc/arm-none-eabi/12.3.1/../../../../arm-none-eabi/lib/thumb/v8-m.main/nofp/libcr_semihost_nf.a(__sys_close.o)
                0x00005a30                __sys_close
 .text.__sys_flen
                0x00005a3c        0xc /Applications/MCUXpressoIDE_11.9.0_2144/ide/plugins/com.nxp.mcuxpresso.tools.macosx_11.9.0.202307121226/tools/bin/../lib/gcc/arm-none-eabi/12.3.1/../../../../arm-none-eabi/lib/thumb/v8-m.main/nofp/libcr_semihost_nf.a(__sys_flen.o)
                0x00005a3c                __sys_flen
 .text.__sys_istty
                0x00005a48        0xc /Applications/MCUXpressoIDE_11.9.0_2144/ide/plugins/com.nxp.mcuxpresso.tools.macosx_11.9.0.202307121226/tools/bin/../lib/gcc/arm-none-eabi/12.3.1/../../../../arm-none-eabi/lib/thumb/v8-m.main/nofp/libcr_semihost_nf.a(__sys_istty.o)
                0x00005a48                __sys_istty
 .text.__sys_remove
                0x00005a54        0xc /Applications/MCUXpressoIDE_11.9.0_2144/ide/plugins/com.nxp.mcuxpresso.tools.macosx_11.9.0.202307121226/tools/bin/../lib/gcc/arm-none-eabi/12.3.1/../../../../arm-none-eabi/lib/thumb/v8-m.main/nofp/libcr_semihost_nf.a(__sys_remove.o)
                0x00005a54                __sys_remove
 .text.__sys_seek
                0x00005a60        0xc /Applications/MCUXpressoIDE_11.9.0_2144/ide/plugins/com.nxp.mcuxpresso.tools.macosx_11.9.0.202307121226/tools/bin/../lib/gcc/arm-none-eabi/12.3.1/../../../../arm-none-eabi/lib/thumb/v8-m.main/nofp/libcr_semihost_nf.a(__sys_seek.o)
                0x00005a60                __sys_seek
 .text.__sys_tmpnam
                0x00005a6c        0xc /Applications/MCUXpressoIDE_11.9.0_2144/ide/plugins/com.nxp.mcuxpresso.tools.macosx_11.9.0.202307121226/tools/bin/../lib/gcc/arm-none-eabi/12.3.1/../../../../arm-none-eabi/lib/thumb/v8-m.main/nofp/libcr_semihost_nf.a(__sys_tmpnam.o)
                0x00005a6c                __sys_tmpnam
 .text.__sys_write
                0x00005a78        0xc /Applications/MCUXpressoIDE_11.9.0_2144/ide/plugins/com.nxp.mcuxpresso.tools.macosx_11.9.0.202307121226/tools/bin/../lib/gcc/arm-none-eabi/12.3.1/../../../../arm-none-eabi/lib/thumb/v8-m.main/nofp/libcr_semihost_nf.a(__sys_write.o)
                0x00005a78                __sys_write
 *(SORT_BY_ALIGNMENT(.rodata) SORT_BY_ALIGNMENT(.rodata.*) SORT_BY_ALIGNMENT(.constdata) SORT_BY_ALIGNMENT(.constdata.*))
 .rodata.__assertion_failed.str1.4
                0x00005a84       0x14 ./utilities/fsl_assert.o
 .rodata.masterCallback
                0x00005a98        0xc ./source/i3c_master_read_sensor_p3t1755.o
                0x00005a98                masterCallback
 .rodata.main.str1.4
                0x00005aa4       0x90 ./source/i3c_master_read_sensor_p3t1755.o
 .rodata.CLOCK_SetClockSelect.str1.4
                0x00005b34       0x2c ./drivers/fsl_clock.o
 .rodata.CLOCK_SetClockDiv.str1.4
                0x00005b60       0x2c ./drivers/fsl_clock.o
 .rodata.SDK_DelayAtLeastUs.str1.4
                0x00005b8c       0x2b ./drivers/fsl_common_arm.o
 *fill*         0x00005bb7        0x1 ff
 .rodata.I3C_GetInstance.str1.4
                0x00005bb8       0x31 ./drivers/fsl_i3c.o
 *fill*         0x00005be9        0x3 ff
 .rodata.I3C_MasterCheckAndClearError.str1.4
                0x00005bec       0x16 ./drivers/fsl_i3c.o
 *fill*         0x00005c02        0x2 ff
 .rodata.I3C_MasterSetBaudRate.str1.4
                0x00005c04       0x2f ./drivers/fsl_i3c.o
 *fill*         0x00005c33        0x1 ff
 .rodata.I3C_MasterReceive.str1.4
                0x00005c34       0x20 ./drivers/fsl_i3c.o
 .rodata.I3C_MasterSend.str1.4
                0x00005c54       0x45 ./drivers/fsl_i3c.o
 *fill*         0x00005c99        0x3 ff
 .rodata.I3C_MasterTransferBlocking.str1.4
                0x00005c9c       0x6e ./drivers/fsl_i3c.o
 *fill*         0x00005d0a        0x2 ff
 .rodata.I3C_MasterTransferCreateHandle.str1.4
                0x00005d0c       0x20 ./drivers/fsl_i3c.o
 .rodata.I3C_TransferStateMachineIBIWonState.str1.4
                0x00005d2c       0x47 ./drivers/fsl_i3c.o
 *fill*         0x00005d73        0x1 ff
 .rodata.I3C_TransferStateMachineSendCommandState.str1.4
                0x00005d74       0x47 ./drivers/fsl_i3c.o
 *fill*         0x00005dbb        0x1 ff
 .rodata.I3C_TransferStateMachineWaitRepeatedStartCompleteState.str1.4
                0x00005dbc       0x47 ./drivers/fsl_i3c.o
 *fill*         0x00005e03        0x1 ff
 .rodata.I3C_TransferStateMachineTransferDataState.str1.4
                0x00005e04       0x47 ./drivers/fsl_i3c.o
 *fill*         0x00005e4b        0x1 ff
 .rodata.I3C_RunTransferStateMachine.str1.4
                0x00005e4c       0x17 ./drivers/fsl_i3c.o
 *fill*         0x00005e63        0x1 ff
 .rodata.I3C_MasterTransferNonBlocking.str1.4
                0x00005e64       0x8e ./drivers/fsl_i3c.o
 *fill*         0x00005ef2        0x2 ff
 .rodata.RESET_SetPeripheralReset.str1.4
                0x00005ef4       0x3f ./drivers/fsl_reset.o
 *fill*         0x00005f33        0x1 ff
 .rodata.RESET_ClearPeripheralReset.str1.4
                0x00005f34       0x1e ./drivers/fsl_reset.o
 *fill*         0x00005f52        0x2 ff
 .rodata.SPC_SetSRAMOperateVoltage.str1.4
                0x00005f54       0x1f ./drivers/fsl_spc.o
 *fill*         0x00005f73        0x1 ff
 .rodata.SPC_SetActiveModeCoreLDORegulatorConfig.str1.4
                0x00005f74       0x1f ./drivers/fsl_spc.o
 *fill*         0x00005f93        0x1 ff
 .rodata.P3T1755_Init.str1.4
                0x00005f94       0xac ./component/p3t1755/fsl_p3t1755.o
 .rodata.PORT_SetPinConfig.str1.4
                0x00006040       0x6e ./board/pin_mux.o
 *fill*         0x000060ae        0x2 ff
 .rodata.__num_Ciob_streams
                0x000060b0        0x4 /Applications/MCUXpressoIDE_11.9.0_2144/ide/plugins/com.nxp.mcuxpresso.tools.macosx_11.9.0.202307121226/tools/bin/../lib/gcc/arm-none-eabi/12.3.1/../../../../arm-none-eabi/lib/thumb/v8-m.main/nofp/libcr_semihost_nf.a(__ciob.o)
                0x000060b0                __num_Ciob_streams
 .rodata._Csys_alloc.str1.1
                0x000060b4       0x18 /Applications/MCUXpressoIDE_11.9.0_2144/ide/plugins/com.nxp.mcuxpresso.tools.macosx_11.9.0.202307121226/tools/bin/../lib/gcc/arm-none-eabi/12.3.1/../../../../arm-none-eabi/lib/thumb/v8-m.main/nofp/libcr_c.a(alloc.o)
 .rodata.fp_display.str1.1
                0x000060cc       0x34 /Applications/MCUXpressoIDE_11.9.0_2144/ide/plugins/com.nxp.mcuxpresso.tools.macosx_11.9.0.202307121226/tools/bin/../lib/gcc/arm-none-eabi/12.3.1/../../../../arm-none-eabi/lib/thumb/v8-m.main/nofp/libcr_c.a(fpprintf.o)
                                 0x35 (size before relaxing)
 .rodata._initio.str1.1
                0x00006100        0x4 /Applications/MCUXpressoIDE_11.9.0_2144/ide/plugins/com.nxp.mcuxpresso.tools.macosx_11.9.0.202307121226/tools/bin/../lib/gcc/arm-none-eabi/12.3.1/../../../../arm-none-eabi/lib/thumb/v8-m.main/nofp/libcr_c.a(initio.o)
 .rodata.__vfprintf.str1.1
                0x00006104       0x31 /Applications/MCUXpressoIDE_11.9.0_2144/ide/plugins/com.nxp.mcuxpresso.tools.macosx_11.9.0.202307121226/tools/bin/../lib/gcc/arm-none-eabi/12.3.1/../../../../arm-none-eabi/lib/thumb/v8-m.main/nofp/libcr_c.a(printf.o)
                                 0x38 (size before relaxing)
                0x00006138                        . = ALIGN (0x4)
 *fill*         0x00006135        0x3 ff

.glue_7         0x00006138        0x0
 .glue_7        0x00006138        0x0 linker stubs

.glue_7t        0x00006138        0x0
 .glue_7t       0x00006138        0x0 linker stubs

.vfp11_veneer   0x00006138        0x0
 .vfp11_veneer  0x00006138        0x0 linker stubs

.v4_bx          0x00006138        0x0
 .v4_bx         0x00006138        0x0 linker stubs

.iplt           0x00006138        0x0
 .iplt          0x00006138        0x0 ./utilities/fsl_assert.o

.rel.dyn        0x00006138        0x0
 .rel.iplt      0x00006138        0x0 ./utilities/fsl_assert.o

.ARM.extab
 *(SORT_BY_ALIGNMENT(.ARM.extab*) SORT_BY_ALIGNMENT(.gnu.linkonce.armextab.*))

.ARM.exidx      0x00006138        0x0
                0x00006138                        __exidx_start = .
 *(SORT_BY_ALIGNMENT(.ARM.exidx*) SORT_BY_ALIGNMENT(.gnu.linkonce.armexidx.*))
                0x00006138                        __exidx_end = .
                0x00006138                        _etext = .

.data_RAM2      0x04000000        0x0 load address 0x00006138
 FILL mask 0xff
                [!provide]                        PROVIDE (__start_data_RAM2 = .)
                [!provide]                        PROVIDE (__start_data_SRAMX0 = .)
 *(SORT_BY_ALIGNMENT(.ramfunc.$RAM2))
 *(SORT_BY_ALIGNMENT(.ramfunc.$SRAMX0))
 *(SORT_BY_ALIGNMENT(.data.$RAM2))
 *(SORT_BY_ALIGNMENT(.data.$SRAMX0))
 *(SORT_BY_ALIGNMENT(.data.$RAM2.*))
 *(SORT_BY_ALIGNMENT(.data.$SRAMX0.*))
                0x04000000                        . = ALIGN (0x4)
                [!provide]                        PROVIDE (__end_data_RAM2 = .)
                [!provide]                        PROVIDE (__end_data_SRAMX0 = .)

.data_RAM3      0x04002000        0x0 load address 0x00006138
 FILL mask 0xff
                [!provide]                        PROVIDE (__start_data_RAM3 = .)
                [!provide]                        PROVIDE (__start_data_SRAMX1 = .)
 *(SORT_BY_ALIGNMENT(.ramfunc.$RAM3))
 *(SORT_BY_ALIGNMENT(.ramfunc.$SRAMX1))
 *(SORT_BY_ALIGNMENT(.data.$RAM3))
 *(SORT_BY_ALIGNMENT(.data.$SRAMX1))
 *(SORT_BY_ALIGNMENT(.data.$RAM3.*))
 *(SORT_BY_ALIGNMENT(.data.$SRAMX1.*))
                0x04002000                        . = ALIGN (0x4)
                [!provide]                        PROVIDE (__end_data_RAM3 = .)
                [!provide]                        PROVIDE (__end_data_SRAMX1 = .)

.uninit_RESERVED
                0x20000000        0x0
                0x20000000                        _start_uninit_RESERVED = .
 *(SORT_BY_ALIGNMENT(.bss.$RESERVED*))
                0x20000000                        . = ALIGN (0x4)
                0x20000000                        _end_uninit_RESERVED = .

.data           0x20000000        0x8 load address 0x00006138
 FILL mask 0xff
                0x20000000                        _data = .
                [!provide]                        PROVIDE (__start_data_RAM = .)
                [!provide]                        PROVIDE (__start_data_SRAM = .)
 *(SORT_BY_ALIGNMENT(vtable))
 *(SORT_BY_ALIGNMENT(.ramfunc*))
 *(SORT_BY_ALIGNMENT(CodeQuickAccess))
 *(SORT_BY_ALIGNMENT(DataQuickAccess))
 *(SORT_BY_ALIGNMENT(RamFunction))
 *(SORT_BY_ALIGNMENT(.data*))
 .data.s_Ext_Clk_Freq
                0x20000000        0x4 ./drivers/fsl_clock.o
 .data.SystemCoreClock
                0x20000004        0x4 ./device/system_MCXA153.o
                0x20000004                SystemCoreClock
                0x20000008                        . = ALIGN (0x4)
                0x20000008                        _edata = .
                [!provide]                        PROVIDE (__end_data_RAM = .)
                [!provide]                        PROVIDE (__end_data_SRAM = .)

.igot.plt       0x20000008        0x0 load address 0x00006140
 .igot.plt      0x20000008        0x0 ./utilities/fsl_assert.o

.bss_RAM2       0x04000000        0x0
                [!provide]                        PROVIDE (__start_bss_RAM2 = .)
                [!provide]                        PROVIDE (__start_bss_SRAMX0 = .)
 *(SORT_BY_ALIGNMENT(.bss.$RAM2))
 *(SORT_BY_ALIGNMENT(.bss.$SRAMX0))
 *(SORT_BY_ALIGNMENT(.bss.$RAM2.*))
 *(SORT_BY_ALIGNMENT(.bss.$SRAMX0.*))
                0x04000000                        . = ALIGN ((. != 0x0)?0x4:0x1)
                [!provide]                        PROVIDE (__end_bss_RAM2 = .)
                [!provide]                        PROVIDE (__end_bss_SRAMX0 = .)

.bss_RAM3       0x04002000        0x0
                [!provide]                        PROVIDE (__start_bss_RAM3 = .)
                [!provide]                        PROVIDE (__start_bss_SRAMX1 = .)
 *(SORT_BY_ALIGNMENT(.bss.$RAM3))
 *(SORT_BY_ALIGNMENT(.bss.$SRAMX1))
 *(SORT_BY_ALIGNMENT(.bss.$RAM3.*))
 *(SORT_BY_ALIGNMENT(.bss.$SRAMX1.*))
                0x04002000                        . = ALIGN ((. != 0x0)?0x4:0x1)
                [!provide]                        PROVIDE (__end_bss_RAM3 = .)
                [!provide]                        PROVIDE (__end_bss_SRAMX1 = .)

.bss            0x20000008      0x144
                0x20000008                        _bss = .
                [!provide]                        PROVIDE (__start_bss_RAM = .)
                [!provide]                        PROVIDE (__start_bss_SRAM = .)
 *(SORT_BY_ALIGNMENT(.bss*))
 .bss.g_completionStatus
                0x20000008        0x4 ./source/i3c_master_read_sensor_p3t1755.o
                0x20000008                g_completionStatus
 .bss.g_i3c_m_handle
                0x2000000c       0x48 ./source/i3c_master_read_sensor_p3t1755.o
                0x2000000c                g_i3c_m_handle
 .bss.p3t1755Handle
                0x20000054        0xc ./source/i3c_master_read_sensor_p3t1755.o
                0x20000054                p3t1755Handle
 .bss.s_i3cMasterIsr
                0x20000060        0x4 ./drivers/fsl_i3c.o
                0x20000060                s_i3cMasterIsr
 .bss.s_i3cMasterHandle
                0x20000064        0x4 ./drivers/fsl_i3c.o
                0x20000064                s_i3cMasterHandle
 .bss.s_i3cSlaveIsr
                0x20000068        0x4 ./drivers/fsl_i3c.o
                0x20000068                s_i3cSlaveIsr
 .bss.s_i3cSlaveHandle
                0x2000006c        0x4 ./drivers/fsl_i3c.o
                0x2000006c                s_i3cSlaveHandle
 .bss.s_lpuartHandle
                0x20000070        0xc ./drivers/fsl_lpuart.o
                0x20000070                s_lpuartHandle
 .bss.s_lpuartIsr
                0x2000007c        0xc ./drivers/fsl_lpuart.o
                0x2000007c                s_lpuartIsr
 .bss.errno     0x20000088        0x4 /Applications/MCUXpressoIDE_11.9.0_2144/ide/plugins/com.nxp.mcuxpresso.tools.macosx_11.9.0.202307121226/tools/bin/../lib/gcc/arm-none-eabi/12.3.1/../../../../arm-none-eabi/lib/thumb/v8-m.main/nofp/libcr_c.a(errno.o)
                0x20000088                errno
 .bss.__end_of_heap
                0x2000008c        0x4 /Applications/MCUXpressoIDE_11.9.0_2144/ide/plugins/com.nxp.mcuxpresso.tools.macosx_11.9.0.202307121226/tools/bin/../lib/gcc/arm-none-eabi/12.3.1/../../../../arm-none-eabi/lib/thumb/v8-m.main/nofp/libcr_c.a(__init_alloc.o)
                0x2000008c                __end_of_heap
 .bss.__heaps   0x20000090        0x4 /Applications/MCUXpressoIDE_11.9.0_2144/ide/plugins/com.nxp.mcuxpresso.tools.macosx_11.9.0.202307121226/tools/bin/../lib/gcc/arm-none-eabi/12.3.1/../../../../arm-none-eabi/lib/thumb/v8-m.main/nofp/libcr_c.a(__init_alloc.o)
                0x20000090                __heaps
 .bss.__Ciob    0x20000094       0xb4 /Applications/MCUXpressoIDE_11.9.0_2144/ide/plugins/com.nxp.mcuxpresso.tools.macosx_11.9.0.202307121226/tools/bin/../lib/gcc/arm-none-eabi/12.3.1/../../../../arm-none-eabi/lib/thumb/v8-m.main/nofp/libcr_semihost_nf.a(__ciob.o)
                0x20000094                __Ciob
 .bss.g_masterCompletionFlag
                0x20000148        0x1 ./source/i3c_master_read_sensor_p3t1755.o
                0x20000148                g_masterCompletionFlag
 *(SORT_BY_ALIGNMENT(COMMON))
                0x2000014c                        . = ALIGN (0x4)
 *fill*         0x20000149        0x3 
                0x2000014c                        _ebss = .
                [!provide]                        PROVIDE (__end_bss_RAM = .)
                [!provide]                        PROVIDE (__end_bss_SRAM = .)
                [!provide]                        PROVIDE (end = .)

.noinit_RAM2    0x04000000        0x0
                [!provide]                        PROVIDE (__start_noinit_RAM2 = .)
                [!provide]                        PROVIDE (__start_noinit_SRAMX0 = .)
 *(SORT_BY_ALIGNMENT(.noinit.$RAM2))
 *(SORT_BY_ALIGNMENT(.noinit.$SRAMX0))
 *(SORT_BY_ALIGNMENT(.noinit.$RAM2.*))
 *(SORT_BY_ALIGNMENT(.noinit.$SRAMX0.*))
                0x04000000                        . = ALIGN (0x4)
                [!provide]                        PROVIDE (__end_noinit_RAM2 = .)
                [!provide]                        PROVIDE (__end_noinit_SRAMX0 = .)

.noinit_RAM3    0x04002000        0x0
                [!provide]                        PROVIDE (__start_noinit_RAM3 = .)
                [!provide]                        PROVIDE (__start_noinit_SRAMX1 = .)
 *(SORT_BY_ALIGNMENT(.noinit.$RAM3))
 *(SORT_BY_ALIGNMENT(.noinit.$SRAMX1))
 *(SORT_BY_ALIGNMENT(.noinit.$RAM3.*))
 *(SORT_BY_ALIGNMENT(.noinit.$SRAMX1.*))
                0x04002000                        . = ALIGN (0x4)
                [!provide]                        PROVIDE (__end_noinit_RAM3 = .)
                [!provide]                        PROVIDE (__end_noinit_SRAMX1 = .)

.noinit         0x2000014c        0x0
                0x2000014c                        _noinit = .
                [!provide]                        PROVIDE (__start_noinit_RAM = .)
                [!provide]                        PROVIDE (__start_noinit_SRAM = .)
 *(SORT_BY_ALIGNMENT(.noinit*))
                0x2000014c                        . = ALIGN (0x4)
                0x2000014c                        _end_noinit = .
                [!provide]                        PROVIDE (__end_noinit_RAM = .)
                [!provide]                        PROVIDE (__end_noinit_SRAM = .)
                0x00000600                        _HeapSize = 0x600

.heap           0x2000014c      0x600
                0x2000014c                        _pvHeapStart = .
                0x2000074c                        . = (. + _HeapSize)
 *fill*         0x2000014c      0x600 
                0x2000074c                        . = ALIGN (0x4)
                0x2000074c                        _pvHeapLimit = .
                0x00000600                        _StackSize = 0x600

.heap2stackfill
                0x2000074c      0x600
                0x20000d4c                        . = (. + _StackSize)
 *fill*         0x2000074c      0x600 

.stack          0x20005a00        0x0
                0x20005a00                        _vStackBase = .
                0x20005a00                        . = ALIGN (0x4)
                0x20006000                        _vStackTop = (. + _StackSize)
                0x00000000                        _image_start = LOADADDR (.text)
                0x00006140                        _image_end = (LOADADDR (.data) + SIZEOF (.data))
                0x00006140                        _image_size = (_image_end - _image_start)
OUTPUT(frdmmcxa153_i3c_master_read_sensor_p3t1755.axf elf32-littlearm)
LOAD linker stubs

.debug_info     0x00000000    0x1789d
 .debug_info    0x00000000       0xd1 ./utilities/fsl_assert.o
 .debug_info    0x000000d1      0xb7f ./startup/startup_mcxa153.o
 .debug_info    0x00000c50     0x16b7 ./source/i3c_master_read_sensor_p3t1755.o
 .debug_info    0x00002307       0x3c ./source/semihost_hardfault.o
 .debug_info    0x00002343     0x213a ./drivers/fsl_clock.o
 .debug_info    0x0000447d      0x61c ./drivers/fsl_common_arm.o
 .debug_info    0x00004a99     0x4745 ./drivers/fsl_i3c.o
 .debug_info    0x000091de     0x2aac ./drivers/fsl_lpuart.o
 .debug_info    0x0000bc8a      0xab1 ./drivers/fsl_reset.o
 .debug_info    0x0000c73b     0x1078 ./drivers/fsl_spc.o
 .debug_info    0x0000d7b3      0x864 ./device/system_MCXA153.o
 .debug_info    0x0000e017      0x35a ./component/p3t1755/fsl_p3t1755.o
 .debug_info    0x0000e371      0x756 ./board/board.o
 .debug_info    0x0000eac7      0xaf7 ./board/clock_config.o
 .debug_info    0x0000f5be      0xffb ./board/pin_mux.o
 .debug_info    0x000105b9       0x85 /Applications/MCUXpressoIDE_11.9.0_2144/ide/plugins/com.nxp.mcuxpresso.tools.macosx_11.9.0.202307121226/tools/bin/../lib/gcc/arm-none-eabi/12.3.1/../../../../arm-none-eabi/lib/thumb/v8-m.main/nofp/libcr_semihost_nf.a(_cr__main.o)
 .debug_info    0x0001063e       0xe3 /Applications/MCUXpressoIDE_11.9.0_2144/ide/plugins/com.nxp.mcuxpresso.tools.macosx_11.9.0.202307121226/tools/bin/../lib/gcc/arm-none-eabi/12.3.1/../../../../arm-none-eabi/lib/thumb/v8-m.main/nofp/libcr_c.a(memset.o)
 .debug_info    0x00010721      0x506 /Applications/MCUXpressoIDE_11.9.0_2144/ide/plugins/com.nxp.mcuxpresso.tools.macosx_11.9.0.202307121226/tools/bin/../lib/gcc/arm-none-eabi/12.3.1/../../../../arm-none-eabi/lib/thumb/v8-m.main/nofp/libcr_c.a(alloc.o)
 .debug_info    0x00010c27       0x44 /Applications/MCUXpressoIDE_11.9.0_2144/ide/plugins/com.nxp.mcuxpresso.tools.macosx_11.9.0.202307121226/tools/bin/../lib/gcc/arm-none-eabi/12.3.1/../../../../arm-none-eabi/lib/thumb/v8-m.main/nofp/libcr_c.a(errno.o)
 .debug_info    0x00010c6b     0x14bd /Applications/MCUXpressoIDE_11.9.0_2144/ide/plugins/com.nxp.mcuxpresso.tools.macosx_11.9.0.202307121226/tools/bin/../lib/gcc/arm-none-eabi/12.3.1/../../../../arm-none-eabi/lib/thumb/v8-m.main/nofp/libcr_c.a(fpprintf.o)
 .debug_info    0x00012128      0x339 /Applications/MCUXpressoIDE_11.9.0_2144/ide/plugins/com.nxp.mcuxpresso.tools.macosx_11.9.0.202307121226/tools/bin/../lib/gcc/arm-none-eabi/12.3.1/../../../../arm-none-eabi/lib/thumb/v8-m.main/nofp/libcr_c.a(initio.o)
 .debug_info    0x00012461     0x1268 /Applications/MCUXpressoIDE_11.9.0_2144/ide/plugins/com.nxp.mcuxpresso.tools.macosx_11.9.0.202307121226/tools/bin/../lib/gcc/arm-none-eabi/12.3.1/../../../../arm-none-eabi/lib/thumb/v8-m.main/nofp/libcr_c.a(printf.o)
 .debug_info    0x000136c9      0x1f6 /Applications/MCUXpressoIDE_11.9.0_2144/ide/plugins/com.nxp.mcuxpresso.tools.macosx_11.9.0.202307121226/tools/bin/../lib/gcc/arm-none-eabi/12.3.1/../../../../arm-none-eabi/lib/thumb/v8-m.main/nofp/libcr_c.a(setvbuf.o)
 .debug_info    0x000138bf       0xda /Applications/MCUXpressoIDE_11.9.0_2144/ide/plugins/com.nxp.mcuxpresso.tools.macosx_11.9.0.202307121226/tools/bin/../lib/gcc/arm-none-eabi/12.3.1/../../../../arm-none-eabi/lib/thumb/v8-m.main/nofp/libcr_c.a(strlen.o)
 .debug_info    0x00013999       0xd4 /Applications/MCUXpressoIDE_11.9.0_2144/ide/plugins/com.nxp.mcuxpresso.tools.macosx_11.9.0.202307121226/tools/bin/../lib/gcc/arm-none-eabi/12.3.1/../../../../arm-none-eabi/lib/thumb/v8-m.main/nofp/libcr_c.a(__init_alloc.o)
 .debug_info    0x00013a6d      0x100 /Applications/MCUXpressoIDE_11.9.0_2144/ide/plugins/com.nxp.mcuxpresso.tools.macosx_11.9.0.202307121226/tools/bin/../lib/gcc/arm-none-eabi/12.3.1/../../../../arm-none-eabi/lib/thumb/v8-m.main/nofp/libcr_c.a(_cr_sbrk.o)
 .debug_info    0x00013b6d      0x362 /Applications/MCUXpressoIDE_11.9.0_2144/ide/plugins/com.nxp.mcuxpresso.tools.macosx_11.9.0.202307121226/tools/bin/../lib/gcc/arm-none-eabi/12.3.1/../../../../arm-none-eabi/lib/thumb/v8-m.main/nofp/libcr_c.a(_deferredlazyseek.o)
 .debug_info    0x00013ecf      0x244 /Applications/MCUXpressoIDE_11.9.0_2144/ide/plugins/com.nxp.mcuxpresso.tools.macosx_11.9.0.202307121226/tools/bin/../lib/gcc/arm-none-eabi/12.3.1/../../../../arm-none-eabi/lib/thumb/v8-m.main/nofp/libcr_c.a(_fdopen.o)
 .debug_info    0x00014113      0x1e3 /Applications/MCUXpressoIDE_11.9.0_2144/ide/plugins/com.nxp.mcuxpresso.tools.macosx_11.9.0.202307121226/tools/bin/../lib/gcc/arm-none-eabi/12.3.1/../../../../arm-none-eabi/lib/thumb/v8-m.main/nofp/libcr_c.a(_fflush.o)
 .debug_info    0x000142f6      0x15e /Applications/MCUXpressoIDE_11.9.0_2144/ide/plugins/com.nxp.mcuxpresso.tools.macosx_11.9.0.202307121226/tools/bin/../lib/gcc/arm-none-eabi/12.3.1/../../../../arm-none-eabi/lib/thumb/v8-m.main/nofp/libcr_c.a(_frexpl.o)
 .debug_info    0x00014454      0x146 /Applications/MCUXpressoIDE_11.9.0_2144/ide/plugins/com.nxp.mcuxpresso.tools.macosx_11.9.0.202307121226/tools/bin/../lib/gcc/arm-none-eabi/12.3.1/../../../../arm-none-eabi/lib/thumb/v8-m.main/nofp/libcr_c.a(_ldexpl.o)
 .debug_info    0x0001459a      0x282 /Applications/MCUXpressoIDE_11.9.0_2144/ide/plugins/com.nxp.mcuxpresso.tools.macosx_11.9.0.202307121226/tools/bin/../lib/gcc/arm-none-eabi/12.3.1/../../../../arm-none-eabi/lib/thumb/v8-m.main/nofp/libcr_c.a(_writebuf.o)
 .debug_info    0x0001481c      0x318 /Applications/MCUXpressoIDE_11.9.0_2144/ide/plugins/com.nxp.mcuxpresso.tools.macosx_11.9.0.202307121226/tools/bin/../lib/gcc/arm-none-eabi/12.3.1/../../../../arm-none-eabi/lib/thumb/v8-m.main/nofp/libcr_c.a(fclose.o)
 .debug_info    0x00014b34      0x202 /Applications/MCUXpressoIDE_11.9.0_2144/ide/plugins/com.nxp.mcuxpresso.tools.macosx_11.9.0.202307121226/tools/bin/../lib/gcc/arm-none-eabi/12.3.1/../../../../arm-none-eabi/lib/thumb/v8-m.main/nofp/libcr_c.a(fflush.o)
 .debug_info    0x00014d36      0x276 /Applications/MCUXpressoIDE_11.9.0_2144/ide/plugins/com.nxp.mcuxpresso.tools.macosx_11.9.0.202307121226/tools/bin/../lib/gcc/arm-none-eabi/12.3.1/../../../../arm-none-eabi/lib/thumb/v8-m.main/nofp/libcr_c.a(fseek.o)
 .debug_info    0x00014fac      0x190 /Applications/MCUXpressoIDE_11.9.0_2144/ide/plugins/com.nxp.mcuxpresso.tools.macosx_11.9.0.202307121226/tools/bin/../lib/gcc/arm-none-eabi/12.3.1/../../../../arm-none-eabi/lib/thumb/v8-m.main/nofp/libcr_c.a(ftell.o)
 .debug_info    0x0001513c      0x1ca /Applications/MCUXpressoIDE_11.9.0_2144/ide/plugins/com.nxp.mcuxpresso.tools.macosx_11.9.0.202307121226/tools/bin/../lib/gcc/arm-none-eabi/12.3.1/../../../../arm-none-eabi/lib/thumb/v8-m.main/nofp/libcr_c.a(remove.o)
 .debug_info    0x00015306       0x71 /Applications/MCUXpressoIDE_11.9.0_2144/ide/plugins/com.nxp.mcuxpresso.tools.macosx_11.9.0.202307121226/tools/bin/../lib/gcc/arm-none-eabi/12.3.1/../../../../arm-none-eabi/lib/thumb/v8-m.main/nofp/libcr_c.a(_cr_check_heap.o)
 .debug_info    0x00015377      0x23a /Applications/MCUXpressoIDE_11.9.0_2144/ide/plugins/com.nxp.mcuxpresso.tools.macosx_11.9.0.202307121226/tools/bin/../lib/gcc/arm-none-eabi/12.3.1/../../../../arm-none-eabi/lib/thumb/v8-m.main/nofp/libcr_c.a(_do_fflush.o)
 .debug_info    0x000155b1     0x2161 /Applications/MCUXpressoIDE_11.9.0_2144/ide/plugins/com.nxp.mcuxpresso.tools.macosx_11.9.0.202307121226/tools/bin/../lib/gcc/arm-none-eabi/12.3.1/thumb/v8-m.main/nofp/libcr_eabihelpers.a(double.o)
 .debug_info    0x00017712      0x18b /Applications/MCUXpressoIDE_11.9.0_2144/ide/plugins/com.nxp.mcuxpresso.tools.macosx_11.9.0.202307121226/tools/bin/../lib/gcc/arm-none-eabi/12.3.1/../../../../arm-none-eabi/lib/thumb/v8-m.main/nofp/libcr_semihost_nf.a(__ciob.o)

.debug_abbrev   0x00000000     0x3f0e
 .debug_abbrev  0x00000000       0x97 ./utilities/fsl_assert.o
 .debug_abbrev  0x00000097      0x134 ./startup/startup_mcxa153.o
 .debug_abbrev  0x000001cb      0x275 ./source/i3c_master_read_sensor_p3t1755.o
 .debug_abbrev  0x00000440       0x31 ./source/semihost_hardfault.o
 .debug_abbrev  0x00000471      0x30e ./drivers/fsl_clock.o
 .debug_abbrev  0x0000077f      0x17b ./drivers/fsl_common_arm.o
 .debug_abbrev  0x000008fa      0x3d3 ./drivers/fsl_i3c.o
 .debug_abbrev  0x00000ccd      0x464 ./drivers/fsl_lpuart.o
 .debug_abbrev  0x00001131      0x14c ./drivers/fsl_reset.o
 .debug_abbrev  0x0000127d      0x2c0 ./drivers/fsl_spc.o
 .debug_abbrev  0x0000153d      0x123 ./device/system_MCXA153.o
 .debug_abbrev  0x00001660      0x11b ./component/p3t1755/fsl_p3t1755.o
 .debug_abbrev  0x0000177b      0x119 ./board/board.o
 .debug_abbrev  0x00001894      0x1f3 ./board/clock_config.o
 .debug_abbrev  0x00001a87      0x252 ./board/pin_mux.o
 .debug_abbrev  0x00001cd9       0x70 /Applications/MCUXpressoIDE_11.9.0_2144/ide/plugins/com.nxp.mcuxpresso.tools.macosx_11.9.0.202307121226/tools/bin/../lib/gcc/arm-none-eabi/12.3.1/../../../../arm-none-eabi/lib/thumb/v8-m.main/nofp/libcr_semihost_nf.a(_cr__main.o)
 .debug_abbrev  0x00001d49       0xa8 /Applications/MCUXpressoIDE_11.9.0_2144/ide/plugins/com.nxp.mcuxpresso.tools.macosx_11.9.0.202307121226/tools/bin/../lib/gcc/arm-none-eabi/12.3.1/../../../../arm-none-eabi/lib/thumb/v8-m.main/nofp/libcr_c.a(memset.o)
 .debug_abbrev  0x00001df1      0x284 /Applications/MCUXpressoIDE_11.9.0_2144/ide/plugins/com.nxp.mcuxpresso.tools.macosx_11.9.0.202307121226/tools/bin/../lib/gcc/arm-none-eabi/12.3.1/../../../../arm-none-eabi/lib/thumb/v8-m.main/nofp/libcr_c.a(alloc.o)
 .debug_abbrev  0x00002075       0x44 /Applications/MCUXpressoIDE_11.9.0_2144/ide/plugins/com.nxp.mcuxpresso.tools.macosx_11.9.0.202307121226/tools/bin/../lib/gcc/arm-none-eabi/12.3.1/../../../../arm-none-eabi/lib/thumb/v8-m.main/nofp/libcr_c.a(errno.o)
 .debug_abbrev  0x000020b9      0x46c /Applications/MCUXpressoIDE_11.9.0_2144/ide/plugins/com.nxp.mcuxpresso.tools.macosx_11.9.0.202307121226/tools/bin/../lib/gcc/arm-none-eabi/12.3.1/../../../../arm-none-eabi/lib/thumb/v8-m.main/nofp/libcr_c.a(fpprintf.o)
 .debug_abbrev  0x00002525      0x169 /Applications/MCUXpressoIDE_11.9.0_2144/ide/plugins/com.nxp.mcuxpresso.tools.macosx_11.9.0.202307121226/tools/bin/../lib/gcc/arm-none-eabi/12.3.1/../../../../arm-none-eabi/lib/thumb/v8-m.main/nofp/libcr_c.a(initio.o)
 .debug_abbrev  0x0000268e      0x3ba /Applications/MCUXpressoIDE_11.9.0_2144/ide/plugins/com.nxp.mcuxpresso.tools.macosx_11.9.0.202307121226/tools/bin/../lib/gcc/arm-none-eabi/12.3.1/../../../../arm-none-eabi/lib/thumb/v8-m.main/nofp/libcr_c.a(printf.o)
 .debug_abbrev  0x00002a48       0xe1 /Applications/MCUXpressoIDE_11.9.0_2144/ide/plugins/com.nxp.mcuxpresso.tools.macosx_11.9.0.202307121226/tools/bin/../lib/gcc/arm-none-eabi/12.3.1/../../../../arm-none-eabi/lib/thumb/v8-m.main/nofp/libcr_c.a(setvbuf.o)
 .debug_abbrev  0x00002b29       0xa7 /Applications/MCUXpressoIDE_11.9.0_2144/ide/plugins/com.nxp.mcuxpresso.tools.macosx_11.9.0.202307121226/tools/bin/../lib/gcc/arm-none-eabi/12.3.1/../../../../arm-none-eabi/lib/thumb/v8-m.main/nofp/libcr_c.a(strlen.o)
 .debug_abbrev  0x00002bd0       0xaf /Applications/MCUXpressoIDE_11.9.0_2144/ide/plugins/com.nxp.mcuxpresso.tools.macosx_11.9.0.202307121226/tools/bin/../lib/gcc/arm-none-eabi/12.3.1/../../../../arm-none-eabi/lib/thumb/v8-m.main/nofp/libcr_c.a(__init_alloc.o)
 .debug_abbrev  0x00002c7f       0xd3 /Applications/MCUXpressoIDE_11.9.0_2144/ide/plugins/com.nxp.mcuxpresso.tools.macosx_11.9.0.202307121226/tools/bin/../lib/gcc/arm-none-eabi/12.3.1/../../../../arm-none-eabi/lib/thumb/v8-m.main/nofp/libcr_c.a(_cr_sbrk.o)
 .debug_abbrev  0x00002d52      0x152 /Applications/MCUXpressoIDE_11.9.0_2144/ide/plugins/com.nxp.mcuxpresso.tools.macosx_11.9.0.202307121226/tools/bin/../lib/gcc/arm-none-eabi/12.3.1/../../../../arm-none-eabi/lib/thumb/v8-m.main/nofp/libcr_c.a(_deferredlazyseek.o)
 .debug_abbrev  0x00002ea4      0x119 /Applications/MCUXpressoIDE_11.9.0_2144/ide/plugins/com.nxp.mcuxpresso.tools.macosx_11.9.0.202307121226/tools/bin/../lib/gcc/arm-none-eabi/12.3.1/../../../../arm-none-eabi/lib/thumb/v8-m.main/nofp/libcr_c.a(_fdopen.o)
 .debug_abbrev  0x00002fbd       0xf1 /Applications/MCUXpressoIDE_11.9.0_2144/ide/plugins/com.nxp.mcuxpresso.tools.macosx_11.9.0.202307121226/tools/bin/../lib/gcc/arm-none-eabi/12.3.1/../../../../arm-none-eabi/lib/thumb/v8-m.main/nofp/libcr_c.a(_fflush.o)
 .debug_abbrev  0x000030ae      0x123 /Applications/MCUXpressoIDE_11.9.0_2144/ide/plugins/com.nxp.mcuxpresso.tools.macosx_11.9.0.202307121226/tools/bin/../lib/gcc/arm-none-eabi/12.3.1/../../../../arm-none-eabi/lib/thumb/v8-m.main/nofp/libcr_c.a(_frexpl.o)
 .debug_abbrev  0x000031d1      0x115 /Applications/MCUXpressoIDE_11.9.0_2144/ide/plugins/com.nxp.mcuxpresso.tools.macosx_11.9.0.202307121226/tools/bin/../lib/gcc/arm-none-eabi/12.3.1/../../../../arm-none-eabi/lib/thumb/v8-m.main/nofp/libcr_c.a(_ldexpl.o)
 .debug_abbrev  0x000032e6      0x126 /Applications/MCUXpressoIDE_11.9.0_2144/ide/plugins/com.nxp.mcuxpresso.tools.macosx_11.9.0.202307121226/tools/bin/../lib/gcc/arm-none-eabi/12.3.1/../../../../arm-none-eabi/lib/thumb/v8-m.main/nofp/libcr_c.a(_writebuf.o)
 .debug_abbrev  0x0000340c      0x155 /Applications/MCUXpressoIDE_11.9.0_2144/ide/plugins/com.nxp.mcuxpresso.tools.macosx_11.9.0.202307121226/tools/bin/../lib/gcc/arm-none-eabi/12.3.1/../../../../arm-none-eabi/lib/thumb/v8-m.main/nofp/libcr_c.a(fclose.o)
 .debug_abbrev  0x00003561      0x125 /Applications/MCUXpressoIDE_11.9.0_2144/ide/plugins/com.nxp.mcuxpresso.tools.macosx_11.9.0.202307121226/tools/bin/../lib/gcc/arm-none-eabi/12.3.1/../../../../arm-none-eabi/lib/thumb/v8-m.main/nofp/libcr_c.a(fflush.o)
 .debug_abbrev  0x00003686      0x11b /Applications/MCUXpressoIDE_11.9.0_2144/ide/plugins/com.nxp.mcuxpresso.tools.macosx_11.9.0.202307121226/tools/bin/../lib/gcc/arm-none-eabi/12.3.1/../../../../arm-none-eabi/lib/thumb/v8-m.main/nofp/libcr_c.a(fseek.o)
 .debug_abbrev  0x000037a1       0xc2 /Applications/MCUXpressoIDE_11.9.0_2144/ide/plugins/com.nxp.mcuxpresso.tools.macosx_11.9.0.202307121226/tools/bin/../lib/gcc/arm-none-eabi/12.3.1/../../../../arm-none-eabi/lib/thumb/v8-m.main/nofp/libcr_c.a(ftell.o)
 .debug_abbrev  0x00003863       0xfb /Applications/MCUXpressoIDE_11.9.0_2144/ide/plugins/com.nxp.mcuxpresso.tools.macosx_11.9.0.202307121226/tools/bin/../lib/gcc/arm-none-eabi/12.3.1/../../../../arm-none-eabi/lib/thumb/v8-m.main/nofp/libcr_c.a(remove.o)
 .debug_abbrev  0x0000395e       0x6b /Applications/MCUXpressoIDE_11.9.0_2144/ide/plugins/com.nxp.mcuxpresso.tools.macosx_11.9.0.202307121226/tools/bin/../lib/gcc/arm-none-eabi/12.3.1/../../../../arm-none-eabi/lib/thumb/v8-m.main/nofp/libcr_c.a(_cr_check_heap.o)
 .debug_abbrev  0x000039c9      0x12c /Applications/MCUXpressoIDE_11.9.0_2144/ide/plugins/com.nxp.mcuxpresso.tools.macosx_11.9.0.202307121226/tools/bin/../lib/gcc/arm-none-eabi/12.3.1/../../../../arm-none-eabi/lib/thumb/v8-m.main/nofp/libcr_c.a(_do_fflush.o)
 .debug_abbrev  0x00003af5      0x364 /Applications/MCUXpressoIDE_11.9.0_2144/ide/plugins/com.nxp.mcuxpresso.tools.macosx_11.9.0.202307121226/tools/bin/../lib/gcc/arm-none-eabi/12.3.1/thumb/v8-m.main/nofp/libcr_eabihelpers.a(double.o)
 .debug_abbrev  0x00003e59       0xb5 /Applications/MCUXpressoIDE_11.9.0_2144/ide/plugins/com.nxp.mcuxpresso.tools.macosx_11.9.0.202307121226/tools/bin/../lib/gcc/arm-none-eabi/12.3.1/../../../../arm-none-eabi/lib/thumb/v8-m.main/nofp/libcr_semihost_nf.a(__ciob.o)

.debug_aranges  0x00000000     0x10c8
 .debug_aranges
                0x00000000       0x20 ./utilities/fsl_assert.o
 .debug_aranges
                0x00000020      0x2e0 ./startup/startup_mcxa153.o
 .debug_aranges
                0x00000300       0x40 ./source/i3c_master_read_sensor_p3t1755.o
 .debug_aranges
                0x00000340       0x20 ./source/semihost_hardfault.o
 .debug_aranges
                0x00000360      0x168 ./drivers/fsl_clock.o
 .debug_aranges
                0x000004c8       0x38 ./drivers/fsl_common_arm.o
 .debug_aranges
                0x00000500      0x318 ./drivers/fsl_i3c.o
 .debug_aranges
                0x00000818      0x178 ./drivers/fsl_lpuart.o
 .debug_aranges
                0x00000990       0x30 ./drivers/fsl_reset.o
 .debug_aranges
                0x000009c0      0x120 ./drivers/fsl_spc.o
 .debug_aranges
                0x00000ae0       0x30 ./device/system_MCXA153.o
 .debug_aranges
                0x00000b10       0x38 ./component/p3t1755/fsl_p3t1755.o
 .debug_aranges
                0x00000b48       0x28 ./board/board.o
 .debug_aranges
                0x00000b70       0x48 ./board/clock_config.o
 .debug_aranges
                0x00000bb8       0x40 ./board/pin_mux.o
 .debug_aranges
                0x00000bf8       0x20 /Applications/MCUXpressoIDE_11.9.0_2144/ide/plugins/com.nxp.mcuxpresso.tools.macosx_11.9.0.202307121226/tools/bin/../lib/gcc/arm-none-eabi/12.3.1/../../../../arm-none-eabi/lib/thumb/v8-m.main/nofp/libcr_semihost_nf.a(_cr__main.o)
 .debug_aranges
                0x00000c18       0x20 /Applications/MCUXpressoIDE_11.9.0_2144/ide/plugins/com.nxp.mcuxpresso.tools.macosx_11.9.0.202307121226/tools/bin/../lib/gcc/arm-none-eabi/12.3.1/../../../../arm-none-eabi/lib/thumb/v8-m.main/nofp/libcr_c.a(memset.o)
 .debug_aranges
                0x00000c38       0x40 /Applications/MCUXpressoIDE_11.9.0_2144/ide/plugins/com.nxp.mcuxpresso.tools.macosx_11.9.0.202307121226/tools/bin/../lib/gcc/arm-none-eabi/12.3.1/../../../../arm-none-eabi/lib/thumb/v8-m.main/nofp/libcr_c.a(alloc.o)
 .debug_aranges
                0x00000c78       0x18 /Applications/MCUXpressoIDE_11.9.0_2144/ide/plugins/com.nxp.mcuxpresso.tools.macosx_11.9.0.202307121226/tools/bin/../lib/gcc/arm-none-eabi/12.3.1/../../../../arm-none-eabi/lib/thumb/v8-m.main/nofp/libcr_c.a(errno.o)
 .debug_aranges
                0x00000c90       0x78 /Applications/MCUXpressoIDE_11.9.0_2144/ide/plugins/com.nxp.mcuxpresso.tools.macosx_11.9.0.202307121226/tools/bin/../lib/gcc/arm-none-eabi/12.3.1/../../../../arm-none-eabi/lib/thumb/v8-m.main/nofp/libcr_c.a(fpprintf.o)
 .debug_aranges
                0x00000d08       0x28 /Applications/MCUXpressoIDE_11.9.0_2144/ide/plugins/com.nxp.mcuxpresso.tools.macosx_11.9.0.202307121226/tools/bin/../lib/gcc/arm-none-eabi/12.3.1/../../../../arm-none-eabi/lib/thumb/v8-m.main/nofp/libcr_c.a(initio.o)
 .debug_aranges
                0x00000d30       0x70 /Applications/MCUXpressoIDE_11.9.0_2144/ide/plugins/com.nxp.mcuxpresso.tools.macosx_11.9.0.202307121226/tools/bin/../lib/gcc/arm-none-eabi/12.3.1/../../../../arm-none-eabi/lib/thumb/v8-m.main/nofp/libcr_c.a(printf.o)
 .debug_aranges
                0x00000da0       0x20 /Applications/MCUXpressoIDE_11.9.0_2144/ide/plugins/com.nxp.mcuxpresso.tools.macosx_11.9.0.202307121226/tools/bin/../lib/gcc/arm-none-eabi/12.3.1/../../../../arm-none-eabi/lib/thumb/v8-m.main/nofp/libcr_c.a(setvbuf.o)
 .debug_aranges
                0x00000dc0       0x20 /Applications/MCUXpressoIDE_11.9.0_2144/ide/plugins/com.nxp.mcuxpresso.tools.macosx_11.9.0.202307121226/tools/bin/../lib/gcc/arm-none-eabi/12.3.1/../../../../arm-none-eabi/lib/thumb/v8-m.main/nofp/libcr_c.a(strlen.o)
 .debug_aranges
                0x00000de0       0x20 /Applications/MCUXpressoIDE_11.9.0_2144/ide/plugins/com.nxp.mcuxpresso.tools.macosx_11.9.0.202307121226/tools/bin/../lib/gcc/arm-none-eabi/12.3.1/../../../../arm-none-eabi/lib/thumb/v8-m.main/nofp/libcr_c.a(__init_alloc.o)
 .debug_aranges
                0x00000e00       0x20 /Applications/MCUXpressoIDE_11.9.0_2144/ide/plugins/com.nxp.mcuxpresso.tools.macosx_11.9.0.202307121226/tools/bin/../lib/gcc/arm-none-eabi/12.3.1/../../../../arm-none-eabi/lib/thumb/v8-m.main/nofp/libcr_c.a(_cr_sbrk.o)
 .debug_aranges
                0x00000e20       0x28 /Applications/MCUXpressoIDE_11.9.0_2144/ide/plugins/com.nxp.mcuxpresso.tools.macosx_11.9.0.202307121226/tools/bin/../lib/gcc/arm-none-eabi/12.3.1/../../../../arm-none-eabi/lib/thumb/v8-m.main/nofp/libcr_c.a(_deferredlazyseek.o)
 .debug_aranges
                0x00000e48       0x20 /Applications/MCUXpressoIDE_11.9.0_2144/ide/plugins/com.nxp.mcuxpresso.tools.macosx_11.9.0.202307121226/tools/bin/../lib/gcc/arm-none-eabi/12.3.1/../../../../arm-none-eabi/lib/thumb/v8-m.main/nofp/libcr_c.a(_fdopen.o)
 .debug_aranges
                0x00000e68       0x20 /Applications/MCUXpressoIDE_11.9.0_2144/ide/plugins/com.nxp.mcuxpresso.tools.macosx_11.9.0.202307121226/tools/bin/../lib/gcc/arm-none-eabi/12.3.1/../../../../arm-none-eabi/lib/thumb/v8-m.main/nofp/libcr_c.a(_fflush.o)
 .debug_aranges
                0x00000e88       0x20 /Applications/MCUXpressoIDE_11.9.0_2144/ide/plugins/com.nxp.mcuxpresso.tools.macosx_11.9.0.202307121226/tools/bin/../lib/gcc/arm-none-eabi/12.3.1/../../../../arm-none-eabi/lib/thumb/v8-m.main/nofp/libcr_c.a(_frexpl.o)
 .debug_aranges
                0x00000ea8       0x20 /Applications/MCUXpressoIDE_11.9.0_2144/ide/plugins/com.nxp.mcuxpresso.tools.macosx_11.9.0.202307121226/tools/bin/../lib/gcc/arm-none-eabi/12.3.1/../../../../arm-none-eabi/lib/thumb/v8-m.main/nofp/libcr_c.a(_ldexpl.o)
 .debug_aranges
                0x00000ec8       0x20 /Applications/MCUXpressoIDE_11.9.0_2144/ide/plugins/com.nxp.mcuxpresso.tools.macosx_11.9.0.202307121226/tools/bin/../lib/gcc/arm-none-eabi/12.3.1/../../../../arm-none-eabi/lib/thumb/v8-m.main/nofp/libcr_c.a(_writebuf.o)
 .debug_aranges
                0x00000ee8       0x20 /Applications/MCUXpressoIDE_11.9.0_2144/ide/plugins/com.nxp.mcuxpresso.tools.macosx_11.9.0.202307121226/tools/bin/../lib/gcc/arm-none-eabi/12.3.1/../../../../arm-none-eabi/lib/thumb/v8-m.main/nofp/libcr_c.a(fclose.o)
 .debug_aranges
                0x00000f08       0x20 /Applications/MCUXpressoIDE_11.9.0_2144/ide/plugins/com.nxp.mcuxpresso.tools.macosx_11.9.0.202307121226/tools/bin/../lib/gcc/arm-none-eabi/12.3.1/../../../../arm-none-eabi/lib/thumb/v8-m.main/nofp/libcr_c.a(fflush.o)
 .debug_aranges
                0x00000f28       0x20 /Applications/MCUXpressoIDE_11.9.0_2144/ide/plugins/com.nxp.mcuxpresso.tools.macosx_11.9.0.202307121226/tools/bin/../lib/gcc/arm-none-eabi/12.3.1/../../../../arm-none-eabi/lib/thumb/v8-m.main/nofp/libcr_c.a(fseek.o)
 .debug_aranges
                0x00000f48       0x20 /Applications/MCUXpressoIDE_11.9.0_2144/ide/plugins/com.nxp.mcuxpresso.tools.macosx_11.9.0.202307121226/tools/bin/../lib/gcc/arm-none-eabi/12.3.1/../../../../arm-none-eabi/lib/thumb/v8-m.main/nofp/libcr_c.a(ftell.o)
 .debug_aranges
                0x00000f68       0x28 /Applications/MCUXpressoIDE_11.9.0_2144/ide/plugins/com.nxp.mcuxpresso.tools.macosx_11.9.0.202307121226/tools/bin/../lib/gcc/arm-none-eabi/12.3.1/../../../../arm-none-eabi/lib/thumb/v8-m.main/nofp/libcr_c.a(remove.o)
 .debug_aranges
                0x00000f90       0x20 /Applications/MCUXpressoIDE_11.9.0_2144/ide/plugins/com.nxp.mcuxpresso.tools.macosx_11.9.0.202307121226/tools/bin/../lib/gcc/arm-none-eabi/12.3.1/../../../../arm-none-eabi/lib/thumb/v8-m.main/nofp/libcr_c.a(_cr_check_heap.o)
 .debug_aranges
                0x00000fb0       0x20 /Applications/MCUXpressoIDE_11.9.0_2144/ide/plugins/com.nxp.mcuxpresso.tools.macosx_11.9.0.202307121226/tools/bin/../lib/gcc/arm-none-eabi/12.3.1/../../../../arm-none-eabi/lib/thumb/v8-m.main/nofp/libcr_c.a(_do_fflush.o)
 .debug_aranges
                0x00000fd0       0xe0 /Applications/MCUXpressoIDE_11.9.0_2144/ide/plugins/com.nxp.mcuxpresso.tools.macosx_11.9.0.202307121226/tools/bin/../lib/gcc/arm-none-eabi/12.3.1/thumb/v8-m.main/nofp/libcr_eabihelpers.a(double.o)
 .debug_aranges
                0x000010b0       0x18 /Applications/MCUXpressoIDE_11.9.0_2144/ide/plugins/com.nxp.mcuxpresso.tools.macosx_11.9.0.202307121226/tools/bin/../lib/gcc/arm-none-eabi/12.3.1/../../../../arm-none-eabi/lib/thumb/v8-m.main/nofp/libcr_semihost_nf.a(__ciob.o)

.debug_ranges   0x00000000     0x12b8
 .debug_ranges  0x00000000       0x10 ./utilities/fsl_assert.o
 .debug_ranges  0x00000010      0x2d0 ./startup/startup_mcxa153.o
 .debug_ranges  0x000002e0       0x30 ./source/i3c_master_read_sensor_p3t1755.o
 .debug_ranges  0x00000310       0x10 ./source/semihost_hardfault.o
 .debug_ranges  0x00000320      0x158 ./drivers/fsl_clock.o
 .debug_ranges  0x00000478       0x28 ./drivers/fsl_common_arm.o
 .debug_ranges  0x000004a0      0x308 ./drivers/fsl_i3c.o
 .debug_ranges  0x000007a8      0x168 ./drivers/fsl_lpuart.o
 .debug_ranges  0x00000910       0x20 ./drivers/fsl_reset.o
 .debug_ranges  0x00000930      0x110 ./drivers/fsl_spc.o
 .debug_ranges  0x00000a40       0x20 ./device/system_MCXA153.o
 .debug_ranges  0x00000a60       0x28 ./component/p3t1755/fsl_p3t1755.o
 .debug_ranges  0x00000a88       0x18 ./board/board.o
 .debug_ranges  0x00000aa0       0x38 ./board/clock_config.o
 .debug_ranges  0x00000ad8       0x30 ./board/pin_mux.o
 .debug_ranges  0x00000b08       0x10 /Applications/MCUXpressoIDE_11.9.0_2144/ide/plugins/com.nxp.mcuxpresso.tools.macosx_11.9.0.202307121226/tools/bin/../lib/gcc/arm-none-eabi/12.3.1/../../../../arm-none-eabi/lib/thumb/v8-m.main/nofp/libcr_semihost_nf.a(_cr__main.o)
 .debug_ranges  0x00000b18       0x10 /Applications/MCUXpressoIDE_11.9.0_2144/ide/plugins/com.nxp.mcuxpresso.tools.macosx_11.9.0.202307121226/tools/bin/../lib/gcc/arm-none-eabi/12.3.1/../../../../arm-none-eabi/lib/thumb/v8-m.main/nofp/libcr_c.a(memset.o)
 .debug_ranges  0x00000b28       0x48 /Applications/MCUXpressoIDE_11.9.0_2144/ide/plugins/com.nxp.mcuxpresso.tools.macosx_11.9.0.202307121226/tools/bin/../lib/gcc/arm-none-eabi/12.3.1/../../../../arm-none-eabi/lib/thumb/v8-m.main/nofp/libcr_c.a(alloc.o)
 .debug_ranges  0x00000b70      0x108 /Applications/MCUXpressoIDE_11.9.0_2144/ide/plugins/com.nxp.mcuxpresso.tools.macosx_11.9.0.202307121226/tools/bin/../lib/gcc/arm-none-eabi/12.3.1/../../../../arm-none-eabi/lib/thumb/v8-m.main/nofp/libcr_c.a(fpprintf.o)
 .debug_ranges  0x00000c78       0x18 /Applications/MCUXpressoIDE_11.9.0_2144/ide/plugins/com.nxp.mcuxpresso.tools.macosx_11.9.0.202307121226/tools/bin/../lib/gcc/arm-none-eabi/12.3.1/../../../../arm-none-eabi/lib/thumb/v8-m.main/nofp/libcr_c.a(initio.o)
 .debug_ranges  0x00000c90      0x268 /Applications/MCUXpressoIDE_11.9.0_2144/ide/plugins/com.nxp.mcuxpresso.tools.macosx_11.9.0.202307121226/tools/bin/../lib/gcc/arm-none-eabi/12.3.1/../../../../arm-none-eabi/lib/thumb/v8-m.main/nofp/libcr_c.a(printf.o)
 .debug_ranges  0x00000ef8       0x10 /Applications/MCUXpressoIDE_11.9.0_2144/ide/plugins/com.nxp.mcuxpresso.tools.macosx_11.9.0.202307121226/tools/bin/../lib/gcc/arm-none-eabi/12.3.1/../../../../arm-none-eabi/lib/thumb/v8-m.main/nofp/libcr_c.a(setvbuf.o)